Archive member included because of file (symbol)

/usr/lib/gcc/arm-none-eabi/4.8.2/../../../arm-none-eabi/lib/armv7-ar/thumb/softfp/libc.a(lib_a-atexit.o)
                              /usr/lib/gcc/arm-none-eabi/4.8.2/../../../arm-none-eabi/lib/armv7-ar/thumb/softfp/crt0.o (atexit)
/usr/lib/gcc/arm-none-eabi/4.8.2/../../../arm-none-eabi/lib/armv7-ar/thumb/softfp/libc.a(lib_a-atoi.o)
                              build/kernel/components/finsh/finsh_token.o (atoi)
/usr/lib/gcc/arm-none-eabi/4.8.2/../../../arm-none-eabi/lib/armv7-ar/thumb/softfp/libc.a(lib_a-exit.o)
                              /usr/lib/gcc/arm-none-eabi/4.8.2/../../../arm-none-eabi/lib/armv7-ar/thumb/softfp/crt0.o (exit)
/usr/lib/gcc/arm-none-eabi/4.8.2/../../../arm-none-eabi/lib/armv7-ar/thumb/softfp/libc.a(lib_a-fini.o)
                              /usr/lib/gcc/arm-none-eabi/4.8.2/../../../arm-none-eabi/lib/armv7-ar/thumb/softfp/crt0.o (__libc_fini_array)
/usr/lib/gcc/arm-none-eabi/4.8.2/../../../arm-none-eabi/lib/armv7-ar/thumb/softfp/libc.a(lib_a-impure.o)
                              /usr/lib/gcc/arm-none-eabi/4.8.2/../../../arm-none-eabi/lib/armv7-ar/thumb/softfp/libc.a(lib_a-exit.o) (_global_impure_ptr)
/usr/lib/gcc/arm-none-eabi/4.8.2/../../../arm-none-eabi/lib/armv7-ar/thumb/softfp/libc.a(lib_a-init.o)
                              /usr/lib/gcc/arm-none-eabi/4.8.2/../../../arm-none-eabi/lib/armv7-ar/thumb/softfp/crt0.o (__libc_init_array)
/usr/lib/gcc/arm-none-eabi/4.8.2/../../../arm-none-eabi/lib/armv7-ar/thumb/softfp/libc.a(lib_a-memcpy-stub.o)
                              build/kernel/components/finsh/shell.o (memcpy)
/usr/lib/gcc/arm-none-eabi/4.8.2/../../../arm-none-eabi/lib/armv7-ar/thumb/softfp/libc.a(lib_a-memset.o)
                              /usr/lib/gcc/arm-none-eabi/4.8.2/../../../arm-none-eabi/lib/armv7-ar/thumb/softfp/crt0.o (memset)
/usr/lib/gcc/arm-none-eabi/4.8.2/../../../arm-none-eabi/lib/armv7-ar/thumb/softfp/libc.a(lib_a-putenv.o)
                              build/kernel/components/libc/newlib/libc.o (putenv)
/usr/lib/gcc/arm-none-eabi/4.8.2/../../../arm-none-eabi/lib/armv7-ar/thumb/softfp/libc.a(lib_a-putenv_r.o)
                              /usr/lib/gcc/arm-none-eabi/4.8.2/../../../arm-none-eabi/lib/armv7-ar/thumb/softfp/libc.a(lib_a-putenv.o) (_putenv_r)
/usr/lib/gcc/arm-none-eabi/4.8.2/../../../arm-none-eabi/lib/armv7-ar/thumb/softfp/libc.a(lib_a-setenv_r.o)
                              /usr/lib/gcc/arm-none-eabi/4.8.2/../../../arm-none-eabi/lib/armv7-ar/thumb/softfp/libc.a(lib_a-putenv_r.o) (_setenv_r)
/usr/lib/gcc/arm-none-eabi/4.8.2/../../../arm-none-eabi/lib/armv7-ar/thumb/softfp/libc.a(lib_a-strchr.o)
                              /usr/lib/gcc/arm-none-eabi/4.8.2/../../../arm-none-eabi/lib/armv7-ar/thumb/softfp/libc.a(lib_a-putenv_r.o) (strchr)
/usr/lib/gcc/arm-none-eabi/4.8.2/../../../arm-none-eabi/lib/armv7-ar/thumb/softfp/libc.a(lib_a-strcmp.o)
                              build/kernel/components/finsh/finsh_var.o (strcmp)
/usr/lib/gcc/arm-none-eabi/4.8.2/../../../arm-none-eabi/lib/armv7-ar/thumb/softfp/libc.a(lib_a-strdup_r.o)
                              /usr/lib/gcc/arm-none-eabi/4.8.2/../../../arm-none-eabi/lib/armv7-ar/thumb/softfp/libc.a(lib_a-putenv_r.o) (_strdup_r)
/usr/lib/gcc/arm-none-eabi/4.8.2/../../../arm-none-eabi/lib/armv7-ar/thumb/softfp/libc.a(lib_a-strlen.o)
                              build/kernel/components/finsh/shell.o (strlen)
/usr/lib/gcc/arm-none-eabi/4.8.2/../../../arm-none-eabi/lib/armv7-ar/thumb/softfp/libc.a(lib_a-strncmp.o)
                              build/kernel/components/finsh/cmd.o (strncmp)
/usr/lib/gcc/arm-none-eabi/4.8.2/../../../arm-none-eabi/lib/armv7-ar/thumb/softfp/libc.a(lib_a-strncpy.o)
                              build/kernel/components/finsh/finsh_node.o (strncpy)
/usr/lib/gcc/arm-none-eabi/4.8.2/../../../arm-none-eabi/lib/armv7-ar/thumb/softfp/libc.a(lib_a-strtol.o)
                              /usr/lib/gcc/arm-none-eabi/4.8.2/../../../arm-none-eabi/lib/armv7-ar/thumb/softfp/libc.a(lib_a-atoi.o) (_strtol_r)
/usr/lib/gcc/arm-none-eabi/4.8.2/../../../arm-none-eabi/lib/armv7-ar/thumb/softfp/libc.a(lib_a-tzset.o)
                              /usr/lib/gcc/arm-none-eabi/4.8.2/../../../arm-none-eabi/lib/armv7-ar/thumb/softfp/libc.a(lib_a-setenv_r.o) (tzset)
/usr/lib/gcc/arm-none-eabi/4.8.2/../../../arm-none-eabi/lib/armv7-ar/thumb/softfp/libc.a(lib_a-tzset_r.o)
                              /usr/lib/gcc/arm-none-eabi/4.8.2/../../../arm-none-eabi/lib/armv7-ar/thumb/softfp/libc.a(lib_a-tzset.o) (_tzset_r)
/usr/lib/gcc/arm-none-eabi/4.8.2/../../../arm-none-eabi/lib/armv7-ar/thumb/softfp/libc.a(lib_a-tzvars.o)
                              /usr/lib/gcc/arm-none-eabi/4.8.2/../../../arm-none-eabi/lib/armv7-ar/thumb/softfp/libc.a(lib_a-tzset_r.o) (_timezone)
/usr/lib/gcc/arm-none-eabi/4.8.2/../../../arm-none-eabi/lib/armv7-ar/thumb/softfp/libc.a(lib_a-__atexit.o)
[...]
Memory Configuration

Name             Origin             Length             Attributes
*default*        0x0000000000000000 0xffffffffffffffff

Linker script and memory map

LOAD /usr/lib/gcc/arm-none-eabi/4.8.2/armv7-ar/thumb/softfp/crti.o
LOAD /usr/lib/gcc/arm-none-eabi/4.8.2/armv7-ar/thumb/softfp/crtbegin.o
LOAD /usr/lib/gcc/arm-none-eabi/4.8.2/../../../arm-none-eabi/lib/armv7-ar/thumb/softfp/crt0.o
LOAD build/bsp/applications/application.o
LOAD build/bsp/applications/startup.o
LOAD build/bsp/drivers/board.o
LOAD build/bsp/drivers/serial.o
LOAD build/kernel/src/clock.o
LOAD build/kernel/src/components.o
LOAD build/kernel/src/device.o
LOAD build/kernel/src/idle.o
LOAD build/kernel/src/ipc.o
LOAD build/kernel/src/irq.o
LOAD build/kernel/src/kservice.o
LOAD build/kernel/src/mem.o
LOAD build/kernel/src/mempool.o
LOAD build/kernel/src/object.o
LOAD build/kernel/src/scheduler.o
LOAD build/kernel/src/thread.o
LOAD build/kernel/src/timer.o
LOAD build/kernel/libcpu/arm/realview-a8-vmm/cpu.o
LOAD build/kernel/libcpu/arm/realview-a8-vmm/gic.o
LOAD build/kernel/libcpu/arm/realview-a8-vmm/interrupt.o
LOAD build/kernel/libcpu/arm/realview-a8-vmm/mmu.o
LOAD build/kernel/libcpu/arm/realview-a8-vmm/pmu.o
LOAD build/kernel/libcpu/arm/realview-a8-vmm/stack.o
LOAD build/kernel/libcpu/arm/realview-a8-vmm/trap.o
LOAD build/kernel/libcpu/arm/realview-a8-vmm/context_gcc.o
LOAD build/kernel/libcpu/arm/realview-a8-vmm/cp15_gcc.o
LOAD build/kernel/libcpu/arm/realview-a8-vmm/start_gcc.o
LOAD build/kernel/libcpu/arm/realview-a8-vmm/vector_gcc.o
LOAD build/kernel/libcpu/arm/common/backtrace.o
LOAD build/kernel/libcpu/arm/common/div0.o
LOAD build/kernel/libcpu/arm/common/showmem.o
LOAD build/kernel/components/finsh/shell.o
LOAD build/kernel/components/finsh/symbol.o
LOAD build/kernel/components/finsh/cmd.o
LOAD build/kernel/components/finsh/msh_cmd.o
LOAD build/kernel/components/finsh/msh.o
LOAD build/kernel/components/finsh/finsh_compiler.o
LOAD build/kernel/components/finsh/finsh_error.o
LOAD build/kernel/components/finsh/finsh_heap.o
LOAD build/kernel/components/finsh/finsh_init.o
LOAD build/kernel/components/finsh/finsh_node.o
LOAD build/kernel/components/finsh/finsh_ops.o
LOAD build/kernel/components/finsh/finsh_parser.o
LOAD build/kernel/components/finsh/finsh_var.o
LOAD build/kernel/components/finsh/finsh_vm.o
LOAD build/kernel/components/finsh/finsh_token.o
LOAD build/kernel/components/pthreads/clock_time.o
LOAD build/kernel/components/pthreads/mqueue.o
LOAD build/kernel/components/pthreads/pthread.o
LOAD build/kernel/components/pthreads/pthread_attr.o
LOAD build/kernel/components/pthreads/pthread_barrier.o
LOAD build/kernel/components/pthreads/pthread_cond.o
LOAD build/kernel/components/pthreads/pthread_mutex.o
LOAD build/kernel/components/pthreads/pthread_rwlock.o
LOAD build/kernel/components/pthreads/pthread_spin.o
LOAD build/kernel/components/pthreads/pthread_tls.o
LOAD build/kernel/components/pthreads/sched.o
LOAD build/kernel/components/pthreads/semaphore.o
LOAD build/kernel/components/libc/newlib/libc.o
LOAD build/kernel/components/libc/newlib/syscalls.o
LOAD build/kernel/components/utilities/logtrace/log_file.o
LOAD build/kernel/components/utilities/logtrace/log_trace.o
LOAD build/kernel/components/drivers/src/completion.o
LOAD build/kernel/components/drivers/src/dataqueue.o
LOAD build/kernel/components/drivers/src/pipe.o
LOAD build/kernel/components/drivers/src/portal.o
LOAD build/kernel/components/drivers/src/ringbuffer.o
LOAD build/kernel/components/drivers/src/workqueue.o
LOAD build/kernel/components/drivers/serial/serial.o
LOAD /usr/lib/gcc/arm-none-eabi/4.8.2/../../../arm-none-eabi/lib/armv7-ar/thumb/softfp/libc.a
LOAD /usr/lib/gcc/arm-none-eabi/4.8.2/../../../arm-none-eabi/lib/armv7-ar/thumb/softfp/libm.a
START GROUP
LOAD /usr/lib/gcc/arm-none-eabi/4.8.2/armv7-ar/thumb/softfp/libgcc.a
LOAD /usr/lib/gcc/arm-none-eabi/4.8.2/../../../arm-none-eabi/lib/armv7-ar/thumb/softfp/libc.a
END GROUP
LOAD /usr/lib/gcc/arm-none-eabi/4.8.2/armv7-ar/thumb/softfp/crtend.o
LOAD /usr/lib/gcc/arm-none-eabi/4.8.2/armv7-ar/thumb/softfp/crtn.o
                0x0000000070000000                . = 0x70000000
                0x0000000070000000                __text_start = .

.text           0x0000000070000000    0x260f4
 *(.vectors)
 .vectors       0x0000000070000000       0x40 build/kernel/libcpu/arm/realview-a8-vmm/vector_gcc.o
                0x0000000070000000                system_vectors
 *(.text)
 .text          0x0000000070000040       0x7c build/bsp/applications/application.o
                0x0000000070000040                init_thread
                0x000000007000005c                rt_application_init
 .text          0x00000000700000bc       0x64 build/bsp/applications/startup.o
                0x00000000700000bc                rtthread_startup
                0x0000000070000104                main
 .text          0x0000000070000120      0x120 build/bsp/drivers/board.o
                0x0000000070000120                rt_hw_timer_ack
                0x0000000070000168                rt_hw_timer_init
                0x0000000070000224                rt_hw_board_init
 .text          0x0000000070000240      0x478 build/bsp/drivers/serial.o
                0x00000000700005b8                uart_isr_test
                0x00000000700005d8                rt_hw_uart_init
 .text          0x00000000700006b8      0x128 build/kernel/src/clock.o
                0x00000000700006b8                rt_system_tick_init
                0x00000000700006cc                rt_tick_get
                0x00000000700006f0                rt_tick_set
                0x0000000070000728                rt_tick_increase
                0x000000007000079c                rt_tick_from_millisecond
 .text          0x00000000700007e0       0xf4 build/kernel/src/components.o
                0x0000000070000834                rt_components_board_init
                0x0000000070000884                rt_components_init
 .text          0x00000000700008d4      0xb3c build/kernel/src/device.o
                0x00000000700008d4                rt_device_register
                0x000000007000095c                rt_device_unregister
                0x0000000070000a0c                rt_device_init_all
                0x0000000070000a28                rt_device_find
                0x0000000070000af4                rt_device_init
                0x0000000070000c18                rt_device_open
                0x0000000070000e70                rt_device_close
                0x0000000070000fac                rt_device_read
                0x00000000700010b8                rt_device_write
                0x00000000700011c4                rt_device_control
                0x00000000700012a8                rt_device_set_rx_indicate
                0x000000007000135c                rt_device_set_tx_complete
 .text          0x0000000070001410      0x2ec build/kernel/src/idle.o
                0x0000000070001470                rt_thread_idle_sethook
                0x00000000700014e0                rt_thread_idle_excute
                0x0000000070001698                rt_thread_idle_init
 .text          0x00000000700016fc     0x4728 build/kernel/src/ipc.o
                0x00000000700019a4                rt_sem_init
                0x0000000070001a90                rt_sem_detach
                0x0000000070001b50                rt_sem_create
                0x0000000070001c74                rt_sem_delete
                0x0000000070001de0                rt_sem_take
                0x0000000070002124                rt_sem_trytake
                0x0000000070002150                rt_sem_release
                0x0000000070002208                rt_sem_control
                0x0000000070002310                rt_mutex_init
                0x000000007000241c                rt_mutex_detach
                0x00000000700024dc                rt_mutex_create
                0x000000007000261c                rt_mutex_delete
                0x0000000070002788                rt_mutex_take
                0x0000000070002b80                rt_mutex_release
                0x0000000070002e94                rt_mutex_control
                0x0000000070002ec4                rt_event_init
                0x0000000070002fac                rt_event_detach
                0x000000007000306c                rt_event_create
                0x0000000070003188                rt_event_delete
                0x00000000700032f4                rt_event_send
                0x000000007000355c                rt_event_recv
                0x0000000070003a08                rt_event_control
                0x0000000070003b04                rt_mb_init
                0x0000000070003c30                rt_mb_detach
                0x0000000070003d00                rt_mb_create
                0x0000000070003e9c                rt_mb_delete
                0x0000000070004028                rt_mb_send_wait
                0x0000000070004498                rt_mb_send
                0x00000000700044cc                rt_mb_recv
                0x0000000070004994                rt_mb_control
                0x0000000070004ab8                rt_mq_init
                0x0000000070004c74                rt_mq_detach
                0x0000000070004d34                rt_mq_create
                0x0000000070004f50                rt_mq_delete
                0x00000000700050cc                rt_mq_send
                0x0000000070005400                rt_mq_urgent
                0x0000000070005718                rt_mq_recv
                0x0000000070005cbc                rt_mq_control
 .text          0x0000000070005e24       0xb8 build/kernel/src/irq.o
                0x0000000070005e24                rt_interrupt_enter
                0x0000000070005e6c                rt_interrupt_leave
                0x0000000070005eb4                rt_interrupt_get_nest
 .text          0x0000000070005edc     0x1c08 build/kernel/src/kservice.o
                0x0000000070005edc                rt_get_errno
                0x0000000070005f40                rt_set_errno
                0x0000000070005fb0                _rt_errno
                0x000000007000600c                rt_memset
                0x0000000070006170                rt_memcpy
                0x000000007000630c                rt_memmove
                0x000000007000640c                rt_memcmp
                0x00000000700064b0                rt_strstr
                0x000000007000655c                rt_strcasecmp
                0x0000000070006618                rt_strncpy
                0x00000000700066d8                rt_strncmp
                0x0000000070006768                rt_strcmp
                0x00000000700067e8                rt_strlen
                0x000000007000683c                rt_strdup
                0x00000000700068a0                rt_show_version
                0x0000000070006d80                rt_vsnprintf
                0x0000000070007648                rt_snprintf
                0x0000000070007698                rt_vsprintf
                0x00000000700076d4                rt_sprintf
                0x000000007000771c                rt_console_get_device
                0x0000000070007740                rt_console_set_device
                0x00000000700077d8                rt_hw_console_output
                0x00000000700077f4                rt_kprintf
                0x00000000700078e8                rt_malloc_align
                0x00000000700079b0                rt_free_align
                0x00000000700079e0                __rt_ffs
                0x0000000070007ab8                rt_assert_set_hook
 .text          0x0000000070007ae4     0x15ec build/kernel/src/mem.o
                0x0000000070007ae4                rt_malloc_sethook
                0x0000000070007b10                rt_free_sethook
                0x0000000070007e5c                rt_system_heap_init
                0x00000000700080bc                rt_malloc
                0x0000000070008798                rt_realloc
                0x0000000070008ab8                rt_calloc
                0x0000000070008bc8                rt_free
                0x0000000070008fec                rt_memory_info
                0x0000000070009070                list_mem
 .text          0x00000000700090d0      0x8e4 build/kernel/src/object.o
                0x0000000070009188                rt_object_attach_sethook
                0x00000000700091b4                rt_object_detach_sethook
                0x00000000700091e0                rt_object_trytake_sethook
                0x000000007000920c                rt_object_take_sethook
                0x0000000070009238                rt_object_put_sethook
                0x0000000070009264                rt_system_object_init
                0x0000000070009278                rt_object_get_information
                0x00000000700092b0                rt_object_init
                0x000000007000936c                rt_object_detach
                0x0000000070009450                rt_object_allocate
                0x00000000700095e4                rt_object_delete
                0x0000000070009760                rt_object_is_systemobject
                0x0000000070009824                rt_object_find
 .text          0x00000000700099b4      0x664 build/kernel/src/scheduler.o
                0x0000000070009ae0                rt_scheduler_sethook
                0x0000000070009b0c                rt_system_scheduler_init
                0x0000000070009b90                rt_system_scheduler_start
                0x0000000070009be4                rt_schedule
                0x0000000070009d20                rt_schedule_insert_thread
                0x0000000070009e28                rt_schedule_remove_thread
                0x0000000070009f38                rt_enter_critical
                0x0000000070009f78                rt_exit_critical
                0x0000000070009ff0                rt_critical_level
 .text          0x000000007000a018     0x1120 build/kernel/src/thread.o
                0x000000007000a3f8                rt_thread_init
                0x000000007000a570                rt_thread_self
                0x000000007000a594                rt_thread_startup
                0x000000007000a714                rt_thread_detach
                0x000000007000a81c                rt_thread_create
                0x000000007000a8c8                rt_thread_delete
                0x000000007000a9b8                rt_thread_yield
                0x000000007000aa6c                rt_thread_sleep
                0x000000007000ab84                rt_thread_delay
                0x000000007000abac                rt_thread_control
                0x000000007000ad2c                rt_thread_suspend
                0x000000007000ae20                rt_thread_resume
                0x000000007000af18                rt_thread_timeout
                0x000000007000b06c                rt_thread_find
 .text          0x000000007000b138      0xd98 build/kernel/src/timer.o
                0x000000007000b264                rt_timer_timeout_sethook
                0x000000007000b3f0                rt_timer_init
                0x000000007000b4c4                rt_timer_detach
                0x000000007000b588                rt_timer_create
                0x000000007000b5f4                rt_timer_delete
                0x000000007000b6b8                rt_timer_start
                0x000000007000bacc                rt_timer_stop
                0x000000007000bbe8                rt_timer_control
                0x000000007000bd18                rt_timer_check
                0x000000007000be48                rt_timer_next_timeout_tick
                0x000000007000be68                rt_system_timer_init
                0x000000007000bebc                rt_system_timer_thread_init
 .text          0x000000007000bed0       0xb4 build/kernel/libcpu/arm/realview-a8-vmm/cpu.o
                0x000000007000bed0                rt_hw_cpu_shutdown
 .text          0x000000007000bf84     0x1a94 build/kernel/libcpu/arm/realview-a8-vmm/gic.o
                0x000000007000bf84                arm_gic_get_active_irq
                0x000000007000c090                arm_gic_ack
                0x000000007000c2e8                arm_gic_mask
                0x000000007000c4b4                arm_gic_clear_pending
                0x000000007000c680                arm_gic_clear_active
                0x000000007000c84c                arm_gic_set_cpu
                0x000000007000cab0                arm_gic_umask
                0x000000007000cc7c                arm_gic_dump_type
                0x000000007000cd88                arm_gic_dump
                0x000000007000cfc0                arm_gic_dist_init
                0x000000007000d334                arm_gic_cpu_init
                0x000000007000d444                arm_gic_set_group
                0x000000007000d708                arm_gic_trigger
                0x000000007000d87c                arm_gic_clear_sgi
 .text          0x000000007000da18      0x278 build/kernel/libcpu/arm/realview-a8-vmm/interrupt.o
                0x000000007000da5c                rt_hw_interrupt_init
                0x000000007000daf8                rt_hw_interrupt_mask
                0x000000007000db1c                rt_hw_interrupt_umask
                0x000000007000db40                rt_hw_interrupt_install
                0x000000007000dc40                rt_hw_interrupt_trigger
                0x000000007000dc68                rt_hw_interrupt_clear
 .text          0x000000007000dc90      0x1d8 build/kernel/libcpu/arm/realview-a8-vmm/stack.o
                0x000000007000dc90                rt_hw_stack_init
 .text          0x000000007000de68      0x3e0 build/kernel/libcpu/arm/realview-a8-vmm/trap.o
                0x000000007000de68                rt_hw_show_register
                0x000000007000df70                rt_hw_trap_undef
                0x000000007000dfa4                rt_hw_trap_swi
                0x000000007000dfd8                rt_hw_trap_pabt
                0x000000007000e00c                rt_hw_trap_dabt
                0x000000007000e040                rt_hw_trap_resv
                0x000000007000e074                rt_hw_trap_irq
                0x000000007000e19c                rt_hw_trap_fiq
 .text          0x000000007000e248       0x24 build/kernel/libcpu/arm/realview-a8-vmm/context_gcc.o
                0x000000007000e248                rt_hw_interrupt_disable
                0x000000007000e254                rt_hw_interrupt_enable
                0x000000007000e25c                rt_hw_context_switch_to
 .text          0x000000007000e26c      0x134 build/kernel/libcpu/arm/realview-a8-vmm/cp15_gcc.o
                0x000000007000e26c                rt_cpu_get_smp_id
                0x000000007000e274                rt_cpu_vector_set_base
                0x000000007000e280                rt_hw_cpu_dcache_enable
                0x000000007000e290                rt_hw_cpu_icache_enable
                0x000000007000e2a8                rt_cpu_dcache_clean_flush
                0x000000007000e33c                rt_hw_cpu_dcache_disable
                0x000000007000e358                rt_hw_cpu_icache_disable
                0x000000007000e368                rt_cpu_mmu_disable
                0x000000007000e380                rt_cpu_mmu_enable
                0x000000007000e394                rt_cpu_tlb_set
 .text          0x000000007000e3a0       0xb0 build/kernel/libcpu/arm/realview-a8-vmm/start_gcc.o
                0x000000007000e3a0                _reset
 .text          0x000000007000e450     0x179c build/kernel/components/finsh/shell.o
                0x000000007000e450                finsh_get_prompt
                0x000000007000e5bc                finsh_set_device
                0x000000007000e784                finsh_get_device
                0x000000007000e838                finsh_set_echo
                0x000000007000e904                finsh_get_echo
                0x000000007000ea24                finsh_run_line
                0x000000007000ed84                finsh_thread_entry
                0x000000007000fa48                finsh_system_function_init
                0x000000007000fa88                finsh_system_var_init
                0x000000007000fac8                finsh_system_init
 .text          0x000000007000fbec     0x13dc build/kernel/components/finsh/cmd.o
                0x000000007000fc8c                hello
                0x000000007000fcac                version
                0x000000007000fe74                list_thread
                0x0000000070010044                list_sem
                0x0000000070010168                list_event
                0x000000007001024c                list_mutex
                0x00000000700103b8                list_mailbox
                0x0000000070010504                list_msgqueue
                0x0000000070010644                list_mempool
                0x0000000070010744                list_timer
                0x0000000070010854                list_device
                0x0000000070010874                list
                0x0000000070010b24                list_prefix
 .text          0x0000000070010fc8       0x78 build/kernel/components/finsh/msh_cmd.o
                0x0000000070010fc8                cmd_ps
                0x0000000070010ff0                cmd_time
                0x0000000070011018                cmd_free
 .text          0x0000000070011040      0x988 build/kernel/components/finsh/msh.o
                0x0000000070011040                msh_is_used
                0x00000000700110c8                msh_help
                0x00000000700116e8                msh_exec
                0x0000000070011864                msh_auto_complete
 .text          0x00000000700119c8     0x3b6c build/kernel/components/finsh/finsh_compiler.o
                0x000000007001543c                finsh_compiler_run
 .text          0x0000000070015534       0xbc build/kernel/components/finsh/finsh_error.o
                0x0000000070015534                finsh_error_init
                0x0000000070015560                finsh_error_set
                0x0000000070015598                finsh_errno
                0x00000000700155bc                finsh_error_string
 .text          0x00000000700155f0      0x6cc build/kernel/components/finsh/finsh_heap.o
                0x00000000700155f0                finsh_heap_init
                0x0000000070015664                finsh_heap_allocate
                0x0000000070015794                finsh_heap_free
 .text          0x0000000070015cbc       0xbc build/kernel/components/finsh/finsh_init.o
                0x0000000070015cbc                finsh_init
                0x0000000070015cf4                finsh_stack_bottom
                0x0000000070015d18                finsh_flush
                0x0000000070015d48                finsh_reset
 .text          0x0000000070015d78      0x438 build/kernel/components/finsh/finsh_node.o
                0x0000000070015d78                finsh_node_init
                0x0000000070015da0                finsh_node_allocate
                0x0000000070015e74                finsh_node_new_id
                0x0000000070015fac                finsh_node_new_char
                0x0000000070016004                finsh_node_new_int
                0x0000000070016058                finsh_node_new_long
                0x00000000700160ac                finsh_node_new_string
                0x000000007001615c                finsh_node_new_ptr
 .text          0x00000000700161b0     0x1c28 build/kernel/components/finsh/finsh_ops.o
                0x00000000700161b0                OP_no_op
                0x00000000700161c8                OP_add_byte
                0x0000000070016240                OP_add_word
                0x00000000700162c4                OP_add_dword
                0x0000000070016338                OP_sub_byte
                0x00000000700163b0                OP_sub_word
                0x0000000070016434                OP_sub_dword
                0x00000000700164a8                OP_div_byte
                0x0000000070016524                OP_div_word
                0x00000000700165a8                OP_div_dword
                0x0000000070016620                OP_mod_byte
                0x000000007001669c                OP_mod_word
                0x0000000070016720                OP_mod_dword
                0x0000000070016798                OP_mul_byte
                0x0000000070016810                OP_mul_word
                0x0000000070016894                OP_mul_dword
                0x0000000070016908                OP_and_byte
                0x0000000070016980                OP_and_word
                0x00000000700169f8                OP_and_dword
                0x0000000070016a6c                OP_or_byte
                0x0000000070016ae4                OP_or_word
                0x0000000070016b5c                OP_or_dword
                0x0000000070016bd0                OP_xor_byte
                0x0000000070016c48                OP_xor_word
                0x0000000070016cc0                OP_xor_dword
                0x0000000070016d34                OP_bw_byte
                0x0000000070016d7c                OP_bw_word
                0x0000000070016dc4                OP_bw_dword
                0x0000000070016e08                OP_shl_byte
                0x0000000070016e84                OP_shl_word
                0x0000000070016f04                OP_shl_dword
                0x0000000070016f78                OP_shr_byte
                0x0000000070016ff4                OP_shr_word
                0x0000000070017074                OP_shr_dword
                0x00000000700170e8                OP_ld_byte
                0x0000000070017158                OP_ld_word
                0x00000000700171f0                OP_ld_dword
                0x00000000700172b8                OP_ld_value_byte
                0x0000000070017390                OP_ld_value_byte_stack
                0x00000000700173e0                OP_ld_value_word
                0x00000000700174b8                OP_ld_value_word_stack
                0x0000000070017508                OP_ld_value_dword
                0x00000000700175e0                OP_ld_value_dword_stack
                0x0000000070017630                OP_st_byte
                0x0000000070017694                OP_st_word
                0x00000000700176f8                OP_st_dword
                0x000000007001775c                OP_pop
                0x0000000070017790                OP_call
 .text          0x0000000070017dd8     0x174c build/kernel/components/finsh/finsh_parser.o
                0x0000000070019288                finsh_parser_run
                0x00000000700194f4                finsh_parser_init
 .text          0x0000000070019524      0x4a4 build/kernel/components/finsh/finsh_var.o
                0x0000000070019524                finsh_var_init
                0x000000007001954c                finsh_var_insert
                0x00000000700196a4                finsh_var_delete
                0x000000007001976c                finsh_var_lookup
                0x0000000070019820                finsh_sysvar_append
                0x00000000700198e0                finsh_sysvar_lookup
 .text          0x00000000700199c8      0x258 build/kernel/components/finsh/finsh_vm.o
                0x00000000700199c8                finsh_vm_run
                0x0000000070019a8c                finsh_syscall_append
                0x0000000070019b38                finsh_syscall_lookup
 .text          0x0000000070019c20     0x1188 build/kernel/components/finsh/finsh_token.o
                0x0000000070019c20                finsh_token_init
                0x0000000070019c58                finsh_token_token
                0x0000000070019ca4                finsh_token_get_token
                0x0000000070019cd8                token_get_string
 .text          0x000000007001ada8      0x4a4 build/kernel/components/pthreads/clock_time.o
                0x000000007001ada8                clock_time_system_init
                0x000000007001ae68                clock_time_to_tick
                0x000000007001affc                clock_getres
                0x000000007001b064                clock_gettime
                0x000000007001b140                clock_settime
 .text          0x000000007001b24c      0x7ec build/kernel/components/pthreads/mqueue.o
                0x000000007001b24c                posix_mq_system_init
                0x000000007001b424                mq_setattr
                0x000000007001b454                mq_getattr
                0x000000007001b4e8                mq_open
                0x000000007001b6d0                mq_receive
                0x000000007001b760                mq_send
                0x000000007001b7ec                mq_timedreceive
                0x000000007001b8a0                mq_timedsend
                0x000000007001b8e0                mq_notify
                0x000000007001b90c                mq_close
                0x000000007001b9a4                mq_unlink
 .text          0x000000007001ba38     0x119c build/kernel/components/pthreads/pthread.o
                0x000000007001bbfc                pthread_system_init
                0x000000007001bcc4                pthread_create
                0x000000007001c0c4                pthread_detach
                0x000000007001c1c0                pthread_join
                0x000000007001c274                pthread_exit
                0x000000007001c3fc                pthread_once
                0x000000007001c558                pthread_atfork
                0x000000007001c584                pthread_kill
                0x000000007001c5ac                pthread_cleanup_pop
                0x000000007001c6c4                pthread_cleanup_push
                0x000000007001c7cc                pthread_setcancelstate
                0x000000007001c8d8                pthread_setcanceltype
                0x000000007001c9e8                pthread_testcancel
                0x000000007001cad0                pthread_cancel
 .text          0x000000007001cbd4      0xc20 build/kernel/components/pthreads/pthread_attr.o
                0x000000007001cbd4                pthread_attr_init
                0x000000007001cc90                pthread_attr_destroy
                0x000000007001cd44                pthread_attr_setdetachstate
                0x000000007001ce1c                pthread_attr_getdetachstate
                0x000000007001ced8                pthread_attr_setschedpolicy
                0x000000007001cf90                pthread_attr_getschedpolicy
                0x000000007001d04c                pthread_attr_setschedparam
                0x000000007001d18c                pthread_attr_getschedparam
                0x000000007001d2cc                pthread_attr_setstacksize
                0x000000007001d384                pthread_attr_getstacksize
                0x000000007001d440                pthread_attr_setstackaddr
                0x000000007001d4e8                pthread_attr_getstackaddr
                0x000000007001d590                pthread_attr_setstack
                0x000000007001d660                pthread_attr_getstack
                0x000000007001d730                pthread_attr_setguardsize
                0x000000007001d758                pthread_attr_getguardsize
                0x000000007001d780                pthread_attr_setscope
                0x000000007001d7d0                pthread_attr_getscope
 .text          0x000000007001d7f4      0x548 build/kernel/components/pthreads/pthread_tls.o
                0x000000007001d9b8                pthread_key_system_init
                0x000000007001d9d8                pthread_getspecific
                0x000000007001dae8                pthread_setspecific
                0x000000007001dc10                pthread_key_create
                0x000000007001dcc8                pthread_key_delete
 .text          0x000000007001dd3c      0x900 build/kernel/components/pthreads/semaphore.o
                0x000000007001dd3c                posix_sem_system_init
                0x000000007001df14                sem_close
                0x000000007001dfb4                sem_destroy
                0x000000007001e060                sem_unlink
                0x000000007001e0f4                sem_getvalue
                0x000000007001e158                sem_init
                0x000000007001e260                sem_open
                0x000000007001e434                sem_post
                0x000000007001e4a0                sem_timedwait
                0x000000007001e540                sem_trywait
                0x000000007001e5cc                sem_wait
 .text          0x000000007001e63c       0x30 build/kernel/components/libc/newlib/libc.o
                0x000000007001e63c                libc_system_init
 .text          0x000000007001e66c      0x680 build/kernel/components/libc/newlib/syscalls.o
                0x000000007001e66c                _close_r
                0x000000007001e694                _execve_r
                0x000000007001e6d0                _fcntl_r
                0x000000007001e70c                _fork_r
                0x000000007001e73c                _fstat_r
                0x000000007001e774                _getpid_r
                0x000000007001e798                _isatty_r
                0x000000007001e7ec                _kill_r
                0x000000007001e824                _link_r
                0x000000007001e85c                _lseek_r
                0x000000007001e88c                _mkdir_r
                0x000000007001e8b8                _open_r
                0x000000007001e8e8                _read_r
                0x000000007001e918                _rename_r
                0x000000007001e944                _sbrk_r
                0x000000007001e96c                _stat_r
                0x000000007001e998                _times_r
                0x000000007001e9cc                _unlink_r
                0x000000007001e9f4                _wait_r
                0x000000007001ea28                _write_r
                0x000000007001ea90                _gettimeofday_r
                0x000000007001eb18                _malloc_r
                0x000000007001eb60                _realloc_r
                0x000000007001ebb0                _calloc_r
                0x000000007001ec00                _free_r
                0x000000007001ec24                _exit
                0x000000007001eccc                _system
 .text          0x000000007001ecec     0x11f8 build/kernel/components/utilities/logtrace/log_trace.o
                0x000000007001ef18                log_trace_register_session
                0x000000007001f0e0                log_trace_session_find
                0x000000007001f19c                log_trace_set_level
                0x000000007001f1cc                log_trace_session_set_level
                0x000000007001f628                __logtrace_vfmtout
                0x000000007001f864                log_trace
                0x000000007001f99c                log_session
                0x000000007001fb28                log_trace_flush
                0x000000007001fd34                log_trace_init
                0x000000007001fe20                log_trace_get_device
                0x000000007001fe44                log_trace_set_device
 .text          0x000000007001fee4      0x568 build/kernel/components/drivers/src/completion.o
                0x000000007001ffb0                rt_completion_init
                0x0000000070020078                rt_completion_wait
                0x000000007002033c                rt_completion_done
 .text          0x000000007002044c      0xc90 build/kernel/components/drivers/src/dataqueue.o
                0x0000000070020518                rt_data_queue_init
                0x0000000070020664                rt_data_queue_push
                0x00000000700209d4                rt_data_queue_pop
                0x0000000070020ea0                rt_data_queue_peak
                0x0000000070021000                rt_data_queue_reset
 .text          0x00000000700210dc     0x1d28 build/kernel/components/drivers/serial/serial.o
                0x0000000070022860                rt_hw_serial_register
                0x00000000700229c0                rt_hw_serial_isr
 .text          0x0000000070022e04      0x23c /usr/lib/gcc/arm-none-eabi/4.8.2/../../../arm-none-eabi/lib/armv7-ar/thumb/softfp/libc.a(lib_a-strcmp.o)
                0x0000000070022e04                strcmp
 .text          0x0000000070023040      0x278 /usr/lib/gcc/arm-none-eabi/4.8.2/armv7-ar/thumb/softfp/libgcc.a(_udivsi3.o)
                0x0000000070023040                __udivsi3
                0x0000000070023040                __aeabi_uidiv
                0x000000007002329c                __aeabi_uidivmod
 .text          0x00000000700232b8      0x2b0 /usr/lib/gcc/arm-none-eabi/4.8.2/armv7-ar/thumb/softfp/libgcc.a(_divsi3.o)
                0x00000000700232b8                __aeabi_idiv
                0x00000000700232b8                __divsi3
                0x000000007002354c                __aeabi_idivmod
 .text          0x0000000070023568        0x4 /usr/lib/gcc/arm-none-eabi/4.8.2/armv7-ar/thumb/softfp/libgcc.a(_dvmd_tls.o)
                0x0000000070023568                __aeabi_ldiv0
                0x0000000070023568                __aeabi_idiv0
 .text          0x000000007002356c       0x2c /usr/lib/gcc/arm-none-eabi/4.8.2/armv7-ar/thumb/softfp/libgcc.a(_aeabi_uldivmod.o)
                0x000000007002356c                __aeabi_uldivmod
 .text          0x0000000070023598       0x60 /usr/lib/gcc/arm-none-eabi/4.8.2/armv7-ar/thumb/softfp/libgcc.a(bpabi.o)
                0x0000000070023598                __gnu_ldivmod_helper
                0x00000000700235c8                __gnu_uldivmod_helper
 .text          0x00000000700235f8      0x354 /usr/lib/gcc/arm-none-eabi/4.8.2/armv7-ar/thumb/softfp/libgcc.a(_divdi3.o)
                0x00000000700235f8                __divdi3
 .text          0x000000007002394c      0x300 /usr/lib/gcc/arm-none-eabi/4.8.2/armv7-ar/thumb/softfp/libgcc.a(_udivdi3.o)
                0x000000007002394c                __udivdi3
 *(.text.*)
 .text.isr      0x0000000070023c4c       0x64 build/kernel/libcpu/arm/realview-a8-vmm/context_gcc.o
                0x0000000070023c4c                rt_hw_context_switch
                0x0000000070023c78                rt_hw_context_switch_interrupt
 *fill*         0x0000000070023cb0       0x10 00000000
 .text.isr      0x0000000070023cc0      0x1e0 build/kernel/libcpu/arm/realview-a8-vmm/start_gcc.o
                0x0000000070023cc0                vector_fiq
                0x0000000070023ce0                vector_irq
                0x0000000070023d60                vector_swi
                0x0000000070023da0                vector_undef
                0x0000000070023de0                vector_pabt
                0x0000000070023e20                vector_dabt
                0x0000000070023e60                vector_resv
 .text.atoi     0x0000000070023ea0        0x8 /usr/lib/gcc/arm-none-eabi/4.8.2/../../../arm-none-eabi/lib/armv7-ar/thumb/softfp/libc.a(lib_a-atoi.o)
                0x0000000070023ea0                atoi
 .text.memcpy   0x0000000070023ea8       0xa8 /usr/lib/gcc/arm-none-eabi/4.8.2/../../../arm-none-eabi/lib/armv7-ar/thumb/softfp/libc.a(lib_a-memcpy-stub.o)
                0x0000000070023ea8                memcpy
 .text.memset   0x0000000070023f50       0xa0 /usr/lib/gcc/arm-none-eabi/4.8.2/../../../arm-none-eabi/lib/armv7-ar/thumb/softfp/libc.a(lib_a-memset.o)
                0x0000000070023f50                memset
 .text.putenv   0x0000000070023ff0       0x10 /usr/lib/gcc/arm-none-eabi/4.8.2/../../../arm-none-eabi/lib/armv7-ar/thumb/softfp/libc.a(lib_a-putenv.o)
                0x0000000070023ff0                putenv
 .text._putenv_r
                0x0000000070024000       0x44 /usr/lib/gcc/arm-none-eabi/4.8.2/../../../arm-none-eabi/lib/armv7-ar/thumb/softfp/libc.a(lib_a-putenv_r.o)
                0x0000000070024000                _putenv_r
 .text._setenv_r
                0x0000000070024044      0x1d0 /usr/lib/gcc/arm-none-eabi/4.8.2/../../../arm-none-eabi/lib/armv7-ar/thumb/softfp/libc.a(lib_a-setenv_r.o)
                0x0000000070024044                _setenv_r
 .text.strchr   0x0000000070024214       0xf8 /usr/lib/gcc/arm-none-eabi/4.8.2/../../../arm-none-eabi/lib/armv7-ar/thumb/softfp/libc.a(lib_a-strchr.o)
                0x0000000070024214                strchr
 .text._strdup_r
                0x000000007002430c       0x28 /usr/lib/gcc/arm-none-eabi/4.8.2/../../../arm-none-eabi/lib/armv7-ar/thumb/softfp/libc.a(lib_a-strdup_r.o)
                0x000000007002430c                _strdup_r
 .text.strlen   0x0000000070024334       0x60 /usr/lib/gcc/arm-none-eabi/4.8.2/../../../arm-none-eabi/lib/armv7-ar/thumb/softfp/libc.a(lib_a-strlen.o)
                0x0000000070024334                strlen
 .text.strncmp  0x0000000070024394       0xb8 /usr/lib/gcc/arm-none-eabi/4.8.2/../../../arm-none-eabi/lib/armv7-ar/thumb/softfp/libc.a(lib_a-strncmp.o)
                0x0000000070024394                strncmp
 .text.strncpy  0x000000007002444c       0x68 /usr/lib/gcc/arm-none-eabi/4.8.2/../../../arm-none-eabi/lib/armv7-ar/thumb/softfp/libc.a(lib_a-strncpy.o)
                0x000000007002444c                strncpy
 .text._strtol_r
                0x00000000700244b4      0x13c /usr/lib/gcc/arm-none-eabi/4.8.2/../../../arm-none-eabi/lib/armv7-ar/thumb/softfp/libc.a(lib_a-strtol.o)
                0x00000000700244b4                _strtol_r
 .text.strtol   0x00000000700245f0       0x1c /usr/lib/gcc/arm-none-eabi/4.8.2/../../../arm-none-eabi/lib/armv7-ar/thumb/softfp/libc.a(lib_a-strtol.o)
                0x00000000700245f0                strtol
 .text.tzset    0x000000007002460c       0x10 /usr/lib/gcc/arm-none-eabi/4.8.2/../../../arm-none-eabi/lib/armv7-ar/thumb/softfp/libc.a(lib_a-tzset.o)
                0x000000007002460c                tzset
 .text._tzset_r
                0x000000007002461c      0x3b4 /usr/lib/gcc/arm-none-eabi/4.8.2/../../../arm-none-eabi/lib/armv7-ar/thumb/softfp/libc.a(lib_a-tzset_r.o)
                0x000000007002461c                _tzset_r
 .text.__env_lock
                0x00000000700249d0        0x4 /usr/lib/gcc/arm-none-eabi/4.8.2/../../../arm-none-eabi/lib/armv7-ar/thumb/softfp/libc.a(lib_a-envlock.o)
                0x00000000700249d0                __env_lock
 .text.__env_unlock
                0x00000000700249d4        0x4 /usr/lib/gcc/arm-none-eabi/4.8.2/../../../arm-none-eabi/lib/armv7-ar/thumb/softfp/libc.a(lib_a-envlock.o)
                0x00000000700249d4                __env_unlock
 .text.__errno  0x00000000700249d8        0xc /usr/lib/gcc/arm-none-eabi/4.8.2/../../../arm-none-eabi/lib/armv7-ar/thumb/softfp/libc.a(lib_a-errno.o)
                0x00000000700249d8                __errno
 .text._findenv_r
                0x00000000700249e4       0x84 /usr/lib/gcc/arm-none-eabi/4.8.2/../../../arm-none-eabi/lib/armv7-ar/thumb/softfp/libc.a(lib_a-getenv_r.o)
                0x00000000700249e4                _findenv_r
 .text._getenv_r
                0x0000000070024a68       0x10 /usr/lib/gcc/arm-none-eabi/4.8.2/../../../arm-none-eabi/lib/armv7-ar/thumb/softfp/libc.a(lib_a-getenv_r.o)
                0x0000000070024a68                _getenv_r
 .text.__gettzinfo
                0x0000000070024a78        0xc /usr/lib/gcc/arm-none-eabi/4.8.2/../../../arm-none-eabi/lib/armv7-ar/thumb/softfp/libc.a(lib_a-gettzinfo.o)
                0x0000000070024a78                __gettzinfo
 .text.free     0x0000000070024a84       0x10 /usr/lib/gcc/arm-none-eabi/4.8.2/../../../arm-none-eabi/lib/armv7-ar/thumb/softfp/libc.a(lib_a-malloc.o)
                0x0000000070024a84                free
 .text.__tzcalc_limits
                0x0000000070024a94      0x1a0 /usr/lib/gcc/arm-none-eabi/4.8.2/../../../arm-none-eabi/lib/armv7-ar/thumb/softfp/libc.a(lib_a-mktm_r.o)
                0x0000000070024a94                __tzcalc_limits
 .text.siscanf  0x0000000070024c34       0x5c /usr/lib/gcc/arm-none-eabi/4.8.2/../../../arm-none-eabi/lib/armv7-ar/thumb/softfp/libc.a(lib_a-siscanf.o)
                0x0000000070024c34                siscanf
 .text.__seofread
                0x0000000070024c90        0x4 /usr/lib/gcc/arm-none-eabi/4.8.2/../../../arm-none-eabi/lib/armv7-ar/thumb/softfp/libc.a(lib_a-stdio.o)
                0x0000000070024c90                __seofread
 .text.strcpy   0x0000000070024c94       0xbc /usr/lib/gcc/arm-none-eabi/4.8.2/../../../arm-none-eabi/lib/armv7-ar/thumb/softfp/libc.a(lib_a-strcpy.o)
                0x0000000070024c94                strcpy
 .text._strtoul_r
                0x0000000070024d50      0x140 /usr/lib/gcc/arm-none-eabi/4.8.2/../../../arm-none-eabi/lib/armv7-ar/thumb/softfp/libc.a(lib_a-strtoul.o)
                0x0000000070024d50                _strtoul_r
 .text.strtoul  0x0000000070024e90       0x1c /usr/lib/gcc/arm-none-eabi/4.8.2/../../../arm-none-eabi/lib/armv7-ar/thumb/softfp/libc.a(lib_a-strtoul.o)
                0x0000000070024e90                strtoul
 .text._sungetc_r
                0x0000000070024eac       0x80 /usr/lib/gcc/arm-none-eabi/4.8.2/../../../arm-none-eabi/lib/armv7-ar/thumb/softfp/libc.a(lib_a-svfiscanf.o)
                0x0000000070024eac                _sungetc_r
 .text.__ssrefill_r
                0x0000000070024f2c       0x3c /usr/lib/gcc/arm-none-eabi/4.8.2/../../../arm-none-eabi/lib/armv7-ar/thumb/softfp/libc.a(lib_a-svfiscanf.o)
                0x0000000070024f2c                __ssrefill_r
 .text._sfread_r
                0x0000000070024f68       0x7c /usr/lib/gcc/arm-none-eabi/4.8.2/../../../arm-none-eabi/lib/armv7-ar/thumb/softfp/libc.a(lib_a-svfiscanf.o)
                0x0000000070024f68                _sfread_r
 .text.__ssvfiscanf_r
                0x0000000070024fe4      0x9d8 /usr/lib/gcc/arm-none-eabi/4.8.2/../../../arm-none-eabi/lib/armv7-ar/thumb/softfp/libc.a(lib_a-svfiscanf.o)
                0x0000000070024fe4                __ssvfiscanf_r
 .text.__tz_lock
                0x00000000700259bc        0x4 /usr/lib/gcc/arm-none-eabi/4.8.2/../../../arm-none-eabi/lib/armv7-ar/thumb/softfp/libc.a(lib_a-tzlock.o)
                0x00000000700259bc                __tz_lock
 .text.__tz_unlock
                0x00000000700259c0        0x4 /usr/lib/gcc/arm-none-eabi/4.8.2/../../../arm-none-eabi/lib/armv7-ar/thumb/softfp/libc.a(lib_a-tzlock.o)
                0x00000000700259c0                __tz_unlock
 .text.__submore
                0x00000000700259c4       0x7c /usr/lib/gcc/arm-none-eabi/4.8.2/../../../arm-none-eabi/lib/armv7-ar/thumb/softfp/libc.a(lib_a-ungetc.o)
                0x00000000700259c4                __submore
 .text.iswspace
                0x0000000070025a40       0x20 /usr/lib/gcc/arm-none-eabi/4.8.2/../../../arm-none-eabi/lib/armv7-ar/thumb/softfp/libc.a(lib_a-iswspace.o)
                0x0000000070025a40                iswspace
 .text.__locale_charset
                0x0000000070025a60        0xc /usr/lib/gcc/arm-none-eabi/4.8.2/../../../arm-none-eabi/lib/armv7-ar/thumb/softfp/libc.a(lib_a-locale.o)
                0x0000000070025a60                __locale_charset
 .text.__locale_mb_cur_max
                0x0000000070025a6c        0xc /usr/lib/gcc/arm-none-eabi/4.8.2/../../../arm-none-eabi/lib/armv7-ar/thumb/softfp/libc.a(lib_a-locale.o)
                0x0000000070025a6c                __locale_mb_cur_max
 .text._mbrtowc_r
                0x0000000070025a78       0x64 /usr/lib/gcc/arm-none-eabi/4.8.2/../../../arm-none-eabi/lib/armv7-ar/thumb/softfp/libc.a(lib_a-mbrtowc.o)
                0x0000000070025a78                _mbrtowc_r
 .text.__ascii_mbtowc
                0x0000000070025adc       0x2c /usr/lib/gcc/arm-none-eabi/4.8.2/../../../arm-none-eabi/lib/armv7-ar/thumb/softfp/libc.a(lib_a-mbtowc_r.o)
                0x0000000070025adc                __ascii_mbtowc
 .text.__sccl   0x0000000070025b08       0x80 /usr/lib/gcc/arm-none-eabi/4.8.2/../../../arm-none-eabi/lib/armv7-ar/thumb/softfp/libc.a(lib_a-sccl.o)
                0x0000000070025b08                __sccl
 .text._strtoll_r
                0x0000000070025b88      0x1b4 /usr/lib/gcc/arm-none-eabi/4.8.2/../../../arm-none-eabi/lib/armv7-ar/thumb/softfp/libc.a(lib_a-strtoll_r.o)
                0x0000000070025b88                _strtoll_r
 .text._strtoull_r
                0x0000000070025d3c      0x1e8 /usr/lib/gcc/arm-none-eabi/4.8.2/../../../arm-none-eabi/lib/armv7-ar/thumb/softfp/libc.a(lib_a-strtoull_r.o)
                0x0000000070025d3c                _strtoull_r
 *fill*         0x0000000070025f24        0x4 00000000
 .text._strtoull_r.__stub
                0x0000000070025f28        0x8 linker stubs
                0x0000000070025f30                . = ALIGN (0x4)
                0x0000000070025f30                __fsymtab_start = .
 *(FSymTab)
 FSymTab        0x0000000070025f30        0xc build/kernel/src/mem.o
                0x0000000070025f30                __fsym_list_mem
 FSymTab        0x0000000070025f3c        0xc build/kernel/libcpu/arm/realview-a8-vmm/gic.o
                0x0000000070025f3c                __fsym_gic
 FSymTab        0x0000000070025f48      0x108 build/kernel/components/finsh/cmd.o
                0x0000000070025f48                __fsym_hello
                0x0000000070025f54                __fsym_version
                0x0000000070025f60                __fsym___cmd_version
                0x0000000070025f6c                __fsym_list_thread
                0x0000000070025f78                __fsym___cmd_list_thread
                0x0000000070025f84                __fsym_list_sem
                0x0000000070025f90                __fsym___cmd_list_sem
                0x0000000070025f9c                __fsym_list_event
                0x0000000070025fa8                __fsym___cmd_list_event
                0x0000000070025fb4                __fsym_list_mutex
                0x0000000070025fc0                __fsym___cmd_list_mutex
                0x0000000070025fcc                __fsym_list_mailbox
                0x0000000070025fd8                __fsym___cmd_list_mailbox
                0x0000000070025fe4                __fsym_list_msgqueue
                0x0000000070025ff0                __fsym___cmd_list_msgqueue
                0x0000000070025ffc                __fsym_list_mempool
                0x0000000070026008                __fsym___cmd_list_mempool
                0x0000000070026014                __fsym_list_timer
                0x0000000070026020                __fsym___cmd_list_timer
                0x000000007002602c                __fsym_list_device
                0x0000000070026038                __fsym___cmd_list_device
                0x0000000070026044                __fsym_list
 FSymTab        0x0000000070026050       0x24 build/kernel/components/finsh/msh_cmd.o
                0x0000000070026050                __fsym___cmd_ps
                0x000000007002605c                __fsym___cmd_time
                0x0000000070026068                __fsym___cmd_free
 FSymTab        0x0000000070026074       0x24 build/kernel/components/finsh/msh.o
                0x0000000070026074                __fsym___cmd_exit
                0x0000000070026080                __fsym_msh
                0x000000007002608c                __fsym___cmd_help
 FSymTab        0x0000000070026098       0x30 build/kernel/components/utilities/logtrace/log_trace.o
                0x0000000070026098                __fsym_log_level
                0x00000000700260a4                __fsym_log_trace
                0x00000000700260b0                __fsym_log_flush
                0x00000000700260bc                __fsym_log_device
                0x00000000700260c8                __fsymtab_end = .
                0x00000000700260c8                . = ALIGN (0x4)
                0x00000000700260c8                __vsymtab_start = .
 *(VSymTab)
 VSymTab        0x00000000700260c8       0x10 build/kernel/components/finsh/cmd.o
                0x00000000700260c8                __vsym_dummy
                0x00000000700260d8                __vsymtab_end = .
                0x00000000700260d8                . = ALIGN (0x4)
                0x00000000700260d8                . = ALIGN (0x4)
                0x00000000700260d8                __rtmsymtab_start = .
 *(RTMSymTab)
                0x00000000700260d8                __rtmsymtab_end = .
                0x00000000700260d8                . = ALIGN (0x4)
                0x00000000700260d8                __rt_init_start = .
 *(SORT(.rti_fn*))
 .rti_fn.0      0x00000000700260d8        0x4 build/kernel/src/components.o
                0x00000000700260d8                __rt_init_rti_start
 .rti_fn.1      0x00000000700260dc        0x4 build/bsp/drivers/board.o
                0x00000000700260dc                __rt_init_rt_hw_timer_init
 .rti_fn.1      0x00000000700260e0        0x4 build/bsp/drivers/serial.o
                0x00000000700260e0                __rt_init_rt_hw_uart_init
 .rti_fn.1.end  0x00000000700260e4        0x4 build/kernel/src/components.o
                0x00000000700260e4                __rt_init_rti_board_end
 .rti_fn.3      0x00000000700260e8        0x4 build/kernel/components/finsh/shell.o
                0x00000000700260e8                __rt_init_finsh_system_init
 .rti_fn.3      0x00000000700260ec        0x4 build/kernel/components/libc/newlib/libc.o
                0x00000000700260ec                __rt_init_libc_system_init
 .rti_fn.6.end  0x00000000700260f0        0x4 build/kernel/src/components.o
                0x00000000700260f0                __rt_init_rti_end
                0x00000000700260f4                __rt_init_end = .
                0x00000000700260f4                __text_end = .
                0x00000000700260f4                __rodata_start = .

.glue_7         0x00000000700260f4        0x0
 .glue_7        0x0000000000000000        0x0 linker stubs

.glue_7t        0x00000000700260f4        0x0
 .glue_7t       0x0000000000000000        0x0 linker stubs

.vfp11_veneer   0x00000000700260f4        0x0
 .vfp11_veneer  0x0000000000000000        0x0 linker stubs

.v4_bx          0x00000000700260f4        0x0
 .v4_bx         0x0000000000000000        0x0 linker stubs

.iplt           0x00000000700260f4        0x0
 .iplt          0x0000000000000000        0x0 /usr/lib/gcc/arm-none-eabi/4.8.2/armv7-ar/thumb/softfp/crtbegin.o

.rodata         0x00000000700260f4     0x2c84
 *(.rodata)
 .rodata        0x00000000700260f4        0x8 build/bsp/applications/application.o
 .rodata        0x00000000700260fc       0x10 build/bsp/drivers/board.o
 .rodata        0x000000007002610c       0x80 build/bsp/drivers/serial.o
 .rodata        0x000000007002618c      0x130 build/kernel/src/device.o
 .rodata        0x00000000700262bc       0x68 build/kernel/src/idle.o
 .rodata        0x0000000070026324      0x304 build/kernel/src/ipc.o
 .rodata        0x0000000070026628      0x1b8 build/kernel/src/kservice.o
                0x00000000700266b8                __lowest_bit_bitmap
 .rodata        0x00000000700267e0      0x348 build/kernel/src/mem.o
                0x0000000070026ab0                __fsym_list_mem_name
                0x0000000070026abc                __fsym_list_mem_desc
 .rodata        0x0000000070026b28       0xf0 build/kernel/src/object.o
 .rodata        0x0000000070026c18       0x6c build/kernel/src/scheduler.o
 .rodata        0x0000000070026c84      0x170 build/kernel/src/thread.o
 .rodata        0x0000000070026df4       0xbc build/kernel/src/timer.o
 .rodata        0x0000000070026eb0       0x48 build/kernel/libcpu/arm/realview-a8-vmm/cpu.o
 .rodata        0x0000000070026ef8      0x23c build/kernel/libcpu/arm/realview-a8-vmm/gic.o
                0x0000000070026ff8                __fsym_gic_name
                0x0000000070026ffc                __fsym_gic_desc
 .rodata        0x0000000070027134      0x13c build/kernel/libcpu/arm/realview-a8-vmm/trap.o
 .rodata        0x0000000070027270      0x160 build/kernel/components/finsh/shell.o
 .rodata        0x00000000700273d0      0xa3c build/kernel/components/finsh/cmd.o
                0x00000000700273e4                __fsym_hello_name
                0x00000000700273ec                __fsym_hello_desc
                0x00000000700273fc                __fsym_version_name
                0x0000000070027404                __fsym_version_desc
                0x0000000070027428                __fsym___cmd_version_name
                0x0000000070027438                __fsym___cmd_version_desc
                0x0000000070027554                __fsym_list_thread_name
                0x0000000070027560                __fsym_list_thread_desc
                0x000000007002756c                __fsym___cmd_list_thread_name
                0x0000000070027580                __fsym___cmd_list_thread_desc
                0x0000000070027600                __fsym_list_sem_name
                0x000000007002760c                __fsym_list_sem_desc
                0x0000000070027628                __fsym___cmd_list_sem_name
                0x0000000070027638                __fsym___cmd_list_sem_desc
                0x00000000700276c8                __fsym_list_event_name
                0x00000000700276d4                __fsym_list_event_desc
                0x00000000700276ec                __fsym___cmd_list_event_name
                0x0000000070027700                __fsym___cmd_list_event_desc
                0x0000000070027780                __fsym_list_mutex_name
                0x000000007002778c                __fsym_list_mutex_desc
                0x00000000700277a4                __fsym___cmd_list_mutex_name
                0x00000000700277b8                __fsym___cmd_list_mutex_desc
                0x0000000070027848                __fsym_list_mailbox_name
                0x0000000070027858                __fsym_list_mailbox_desc
                0x0000000070027870                __fsym___cmd_list_mailbox_name
                0x0000000070027884                __fsym___cmd_list_mailbox_desc
                0x0000000070027904                __fsym_list_msgqueue_name
                0x0000000070027914                __fsym_list_msgqueue_desc
                0x0000000070027934                __fsym___cmd_list_msgqueue_name
                0x0000000070027948                __fsym___cmd_list_msgqueue_desc
                0x00000000700279f8                __fsym_list_mempool_name
                0x0000000070027a08                __fsym_list_mempool_desc
                0x0000000070027a24                __fsym___cmd_list_mempool_name
                0x0000000070027a38                __fsym___cmd_list_mempool_desc
                0x0000000070027af4                __fsym_list_timer_name
                0x0000000070027b00                __fsym_list_timer_desc
                0x0000000070027b18                __fsym___cmd_list_timer_name
                0x0000000070027b2c                __fsym___cmd_list_timer_desc
                0x0000000070027d08                __fsym_list_device_name
                0x0000000070027d14                __fsym_list_device_desc
                0x0000000070027d2c                __fsym___cmd_list_device_name
                0x0000000070027d40                __fsym___cmd_list_device_desc
                0x0000000070027d9c                __fsym_list_name
                0x0000000070027da4                __fsym_list_desc
                0x0000000070027de8                __vsym_dummy_name
                0x0000000070027df0                __vsym_dummy_desc
 .rodata        0x0000000070027e0c       0x84 build/kernel/components/finsh/msh_cmd.o
                0x0000000070027e0c                __fsym___cmd_ps_name
                0x0000000070027e18                __fsym___cmd_ps_desc
                0x0000000070027e34                __fsym___cmd_time_name
                0x0000000070027e40                __fsym___cmd_time_desc
                0x0000000070027e5c                __fsym___cmd_free_name
                0x0000000070027e68                __fsym___cmd_free_desc
 .rodata        0x0000000070027e90       0xf4 build/kernel/components/finsh/msh.o
                0x0000000070027e90                __fsym___cmd_exit_name
                0x0000000070027e9c                __fsym___cmd_exit_desc
                0x0000000070027ebc                __fsym_msh_name
                0x0000000070027ec0                __fsym_msh_desc
                0x0000000070027f08                __fsym___cmd_help_name
                0x0000000070027f14                __fsym___cmd_help_desc
 .rodata        0x0000000070027f84       0xf4 build/kernel/components/finsh/finsh_error.o
 .rodata        0x0000000070028078       0xc4 build/kernel/components/finsh/finsh_ops.o
                0x0000000070028078                op_table
 .rodata        0x000000007002813c       0x80 build/kernel/components/finsh/finsh_token.o
 .rodata        0x00000000700281bc       0x48 build/kernel/components/pthreads/clock_time.o
 .rodata        0x0000000070028204        0x4 build/kernel/components/pthreads/mqueue.o
 .rodata        0x0000000070028208      0x15c build/kernel/components/pthreads/pthread.o
 .rodata        0x0000000070028364      0x1c4 build/kernel/components/pthreads/pthread_attr.o
                0x0000000070028364                pthread_default_attr
 .rodata        0x0000000070028528       0xa8 build/kernel/components/pthreads/pthread_tls.o
 .rodata        0x00000000700285d0       0x14 build/kernel/components/pthreads/semaphore.o
 .rodata        0x00000000700285e4       0x18 build/kernel/components/libc/newlib/libc.o
 .rodata        0x00000000700285fc       0x44 build/kernel/components/libc/newlib/syscalls.o
 .rodata        0x0000000070028640      0x1d0 build/kernel/components/utilities/logtrace/log_trace.o
                0x000000007002869c                __fsym_log_level_name
                0x00000000700286a8                __fsym_log_level_desc
                0x00000000700286f8                __fsym_log_trace_name
                0x0000000070028704                __fsym_log_trace_desc
                0x0000000070028710                __fsym_log_flush_name
                0x000000007002871c                __fsym_log_flush_desc
                0x0000000070028754                __fsym_log_device_name
                0x0000000070028760                __fsym_log_device_desc
 .rodata        0x0000000070028810       0xcc build/kernel/components/drivers/src/completion.o
 .rodata        0x00000000700288dc       0xd0 build/kernel/components/drivers/src/dataqueue.o
 .rodata        0x00000000700289ac      0x1e4 build/kernel/components/drivers/serial/serial.o
 *(.rodata.*)
 .rodata.str1.4
                0x0000000070028b90        0x2 /usr/lib/gcc/arm-none-eabi/4.8.2/../../../arm-none-eabi/lib/armv7-ar/thumb/softfp/libc.a(lib_a-impure.o)
                                          0x4 (size before relaxing)
 *fill*         0x0000000070028b92        0x2 
 .rodata.str1.4
                0x0000000070028b94        0x8 /usr/lib/gcc/arm-none-eabi/4.8.2/../../../arm-none-eabi/lib/armv7-ar/thumb/softfp/libc.a(lib_a-setenv_r.o)
 .rodata.str1.4
                0x0000000070028b9c       0x4f /usr/lib/gcc/arm-none-eabi/4.8.2/../../../arm-none-eabi/lib/armv7-ar/thumb/softfp/libc.a(lib_a-tzset_r.o)
                                         0x54 (size before relaxing)
 .rodata.str1.4
                0x0000000000000000        0x4 /usr/lib/gcc/arm-none-eabi/4.8.2/../../../arm-none-eabi/lib/armv7-ar/thumb/softfp/libc.a(lib_a-tzvars.o)
 *fill*         0x0000000070028beb        0x1 
 .rodata._ctype_
                0x0000000070028bec      0x104 /usr/lib/gcc/arm-none-eabi/4.8.2/../../../arm-none-eabi/lib/armv7-ar/thumb/softfp/libc.a(lib_a-ctype_.o)
                0x0000000070028bec                _ctype_
 .rodata.mon_lengths
                0x0000000070028cf0       0x60 /usr/lib/gcc/arm-none-eabi/4.8.2/../../../arm-none-eabi/lib/armv7-ar/thumb/softfp/libc.a(lib_a-mktm_r.o)
 .rodata.basefix.6175
                0x0000000070028d50       0x24 /usr/lib/gcc/arm-none-eabi/4.8.2/../../../arm-none-eabi/lib/armv7-ar/thumb/softfp/libc.a(lib_a-svfiscanf.o)
 .rodata.str1.4
                0x0000000070028d74        0x4 /usr/lib/gcc/arm-none-eabi/4.8.2/../../../arm-none-eabi/lib/armv7-ar/thumb/softfp/libc.a(lib_a-mbrtowc.o)
                0x0000000070028d78                __rodata_end = .

.ARM.exidx      0x0000000070028d78        0x8
 .ARM.exidx     0x0000000070028d78        0x8 /usr/lib/gcc/arm-none-eabi/4.8.2/armv7-ar/thumb/softfp/libgcc.a(_divdi3.o)
 .ARM.exidx     0x0000000070028d80        0x0 /usr/lib/gcc/arm-none-eabi/4.8.2/armv7-ar/thumb/softfp/libgcc.a(_udivdi3.o)
                                          0x8 (size before relaxing)

.rel.dyn        0x0000000070028d80        0x0
 .rel.iplt      0x0000000000000000        0x0 /usr/lib/gcc/arm-none-eabi/4.8.2/armv7-ar/thumb/softfp/crtbegin.o
                0x0000000070028d80                . = ALIGN (0x4)

.ctors          0x0000000070028d80        0x0
                0x0000000070028d80                PROVIDE (__ctors_start__, .)
 *(SORT(.ctors.*))
 *(.ctors)
                0x0000000070028d80                PROVIDE (__ctors_end__, .)

.dtors          0x0000000070028d80        0x0
                0x0000000070028d80                PROVIDE (__dtors_start__, .)
 *(SORT(.dtors.*))
 *(.dtors)
                0x0000000070028d80                PROVIDE (__dtors_end__, .)
                0x0000000070028d80                __data_start = .
                0x0000000070028d80                . = ALIGN (0x4)

.data           0x0000000070028d80      0x7cc
 *(.data)
 .data          0x0000000070028d80        0x8 build/bsp/drivers/serial.o
 .data          0x0000000070028d88       0x90 build/kernel/src/object.o
                0x0000000070028d88                rt_object_container
 .data          0x0000000070028e18        0x4 build/kernel/components/finsh/msh.o
 .data          0x0000000070028e1c       0x3c build/kernel/components/finsh/finsh_error.o
 .data          0x0000000070028e58       0x50 build/kernel/components/utilities/logtrace/log_trace.o
 *(.data.*)
 .data.share.isr
                0x0000000070028ea8      0x200 build/kernel/libcpu/arm/realview-a8-vmm/start_gcc.o
                0x0000000070028ea8                stack_start
                0x00000000700290a8                stack_top
 .data.impure_data
                0x00000000700290a8      0x428 /usr/lib/gcc/arm-none-eabi/4.8.2/../../../arm-none-eabi/lib/armv7-ar/thumb/softfp/libc.a(lib_a-impure.o)
 .data._impure_ptr
                0x00000000700294d0        0x4 /usr/lib/gcc/arm-none-eabi/4.8.2/../../../arm-none-eabi/lib/armv7-ar/thumb/softfp/libc.a(lib_a-impure.o)
                0x00000000700294d0                _impure_ptr
 .data._tzname  0x00000000700294d4        0x8 /usr/lib/gcc/arm-none-eabi/4.8.2/../../../arm-none-eabi/lib/armv7-ar/thumb/softfp/libc.a(lib_a-tzvars.o)
                0x00000000700294d4                _tzname
 .data.__ctype_ptr__
                0x00000000700294dc        0x4 /usr/lib/gcc/arm-none-eabi/4.8.2/../../../arm-none-eabi/lib/armv7-ar/thumb/softfp/libc.a(lib_a-ctype_.o)
                0x00000000700294dc                __ctype_ptr__
 .data.environ  0x00000000700294e0        0x4 /usr/lib/gcc/arm-none-eabi/4.8.2/../../../arm-none-eabi/lib/armv7-ar/thumb/softfp/libc.a(lib_a-environ.o)
                0x00000000700294e0                environ
 .data.tzinfo   0x00000000700294e4       0x40 /usr/lib/gcc/arm-none-eabi/4.8.2/../../../arm-none-eabi/lib/armv7-ar/thumb/softfp/libc.a(lib_a-gettzinfo.o)
 .data.lc_ctype_charset
                0x0000000070029524       0x20 /usr/lib/gcc/arm-none-eabi/4.8.2/../../../arm-none-eabi/lib/armv7-ar/thumb/softfp/libc.a(lib_a-locale.o)
 .data.__mb_cur_max
                0x0000000070029544        0x4 /usr/lib/gcc/arm-none-eabi/4.8.2/../../../arm-none-eabi/lib/armv7-ar/thumb/softfp/libc.a(lib_a-locale.o)
                0x0000000070029544                __mb_cur_max
 .data.__mbtowc
                0x0000000070029548        0x4 /usr/lib/gcc/arm-none-eabi/4.8.2/../../../arm-none-eabi/lib/armv7-ar/thumb/softfp/libc.a(lib_a-mbtowc_r.o)
                0x0000000070029548                __mbtowc
                0x000000007002954c                __data_end = .

.igot.plt       0x000000007002954c        0x0
 .igot.plt      0x0000000000000000        0x0 /usr/lib/gcc/arm-none-eabi/4.8.2/armv7-ar/thumb/softfp/crtbegin.o
                0x000000007002954c                . = ALIGN (0x4)
                0x000000007002954c                __bss_start = __data_end

.bss            0x000000007002954c     0x2330
 *(.bss)
 .bss           0x000000007002954c       0x50 build/bsp/drivers/serial.o
 .bss           0x000000007002959c        0x4 build/kernel/src/clock.o
 .bss           0x00000000700295a0      0x27c build/kernel/src/idle.o
 .bss           0x000000007002981c       0x88 build/kernel/src/kservice.o
 .bss           0x00000000700298a4       0x3c build/kernel/src/mem.o
 .bss           0x00000000700298e0        0x8 build/kernel/src/object.o
 .bss           0x00000000700298e8        0x8 build/kernel/src/scheduler.o
 .bss           0x00000000700298f0       0x10 build/kernel/src/timer.o
 .bss           0x0000000070029900       0x10 build/kernel/libcpu/arm/realview-a8-vmm/gic.o
 .bss           0x0000000070029910     0x10fc build/kernel/components/finsh/shell.o
 .bss           0x000000007002aa0c       0x10 build/kernel/components/finsh/symbol.o
                0x000000007002aa0c                _syscall_table_begin
                0x000000007002aa10                _syscall_table_end
                0x000000007002aa14                _sysvar_table_begin
                0x000000007002aa18                _sysvar_table_end
 .bss           0x000000007002aa1c        0x4 build/kernel/components/finsh/cmd.o
 .bss           0x000000007002aa20        0x8 build/kernel/components/finsh/finsh_heap.o
 .bss           0x000000007002aa28        0x4 build/kernel/components/finsh/finsh_vm.o
                0x000000007002aa28                global_syscall_list
 .bss           0x000000007002aa2c       0x20 build/kernel/components/pthreads/mqueue.o
 .bss           0x000000007002aa4c        0x2 build/kernel/components/pthreads/pthread.o
 *fill*         0x000000007002aa4e        0x2 
 .bss           0x000000007002aa50       0x24 build/kernel/components/pthreads/semaphore.o
 .bss           0x000000007002aa74       0xc4 build/kernel/components/utilities/logtrace/log_trace.o
 *(.bss.*)
 .bss.share.int
                0x000000007002ab38        0xc build/kernel/libcpu/arm/realview-a8-vmm/interrupt.o
                0x000000007002ab38                rt_interrupt_from_thread
                0x000000007002ab3c                rt_interrupt_to_thread
                0x000000007002ab40                rt_thread_switch_interrupt_flag
 .bss.alloced.4581
                0x000000007002ab44        0x4 /usr/lib/gcc/arm-none-eabi/4.8.2/../../../arm-none-eabi/lib/armv7-ar/thumb/softfp/libc.a(lib_a-setenv_r.o)
 .bss.__tzname_dst
                0x000000007002ab48        0xc /usr/lib/gcc/arm-none-eabi/4.8.2/../../../arm-none-eabi/lib/armv7-ar/thumb/softfp/libc.a(lib_a-tzset_r.o)
 .bss.__tzname_std
                0x000000007002ab54        0xc /usr/lib/gcc/arm-none-eabi/4.8.2/../../../arm-none-eabi/lib/armv7-ar/thumb/softfp/libc.a(lib_a-tzset_r.o)
 .bss.prev_tzenv
                0x000000007002ab60        0x4 /usr/lib/gcc/arm-none-eabi/4.8.2/../../../arm-none-eabi/lib/armv7-ar/thumb/softfp/libc.a(lib_a-tzset_r.o)
 .bss._daylight
                0x000000007002ab64        0x4 /usr/lib/gcc/arm-none-eabi/4.8.2/../../../arm-none-eabi/lib/armv7-ar/thumb/softfp/libc.a(lib_a-tzvars.o)
                0x000000007002ab64                _daylight
 .bss._timezone
                0x000000007002ab68        0x4 /usr/lib/gcc/arm-none-eabi/4.8.2/../../../arm-none-eabi/lib/armv7-ar/thumb/softfp/libc.a(lib_a-tzvars.o)
                0x000000007002ab68                _timezone
 .bss.initial_env
                0x000000007002ab6c        0x4 /usr/lib/gcc/arm-none-eabi/4.8.2/../../../arm-none-eabi/lib/armv7-ar/thumb/softfp/libc.a(lib_a-environ.o)
 *(COMMON)
 COMMON         0x000000007002ab70        0x1 build/kernel/src/irq.o
                0x000000007002ab70                rt_interrupt_nest
 *fill*         0x000000007002ab71        0x3 
 COMMON         0x000000007002ab74        0x4 build/kernel/src/kservice.o
                0x000000007002ab74                rt_assert_hook
 COMMON         0x000000007002ab78        0xc build/kernel/src/object.o
                0x000000007002ab78                rt_object_put_hook
                0x000000007002ab7c                rt_object_take_hook
                0x000000007002ab80                rt_object_trytake_hook
 COMMON         0x000000007002ab84      0x114 build/kernel/src/scheduler.o
                0x000000007002ab84                rt_thread_priority_table
                0x000000007002ac84                rt_current_priority
                0x000000007002ac88                rt_current_thread
                0x000000007002ac8c                rt_thread_ready_priority_group
                0x000000007002ac90                rt_thread_defunct
 COMMON         0x000000007002ac98      0x780 build/kernel/libcpu/arm/realview-a8-vmm/interrupt.o
                0x000000007002ac98                isr_table
 COMMON         0x000000007002b418        0x4 build/kernel/components/finsh/shell.o
                0x000000007002b418                shell
 COMMON         0x000000007002b41c        0x8 build/kernel/components/finsh/finsh_compiler.o
                0x000000007002b41c                finsh_compile_pc
                0x000000007002b420                finsh_compile_sp
 COMMON         0x000000007002b424        0x1 build/kernel/components/finsh/finsh_error.o
                0x000000007002b424                global_errno
 *fill*         0x000000007002b425        0x3 
 COMMON         0x000000007002b428       0x80 build/kernel/components/finsh/finsh_heap.o
                0x000000007002b428                finsh_heap
 COMMON         0x000000007002b4a8      0x140 build/kernel/components/finsh/finsh_node.o
                0x000000007002b4a8                global_node_table
 COMMON         0x000000007002b5e8       0xc4 build/kernel/components/finsh/finsh_var.o
                0x000000007002b5e8                global_sysvar_list
                0x000000007002b5ec                global_variable
 COMMON         0x000000007002b6ac      0x188 build/kernel/components/finsh/finsh_vm.o
                0x000000007002b6ac                text_segment
                0x000000007002b72c                finsh_vm_stack
                0x000000007002b82c                finsh_pc
                0x000000007002b830                finsh_sp
 COMMON         0x000000007002b834        0x8 build/kernel/components/pthreads/clock_time.o
                0x000000007002b834                _timevalue
 COMMON         0x000000007002b83c       0x40 build/kernel/components/pthreads/pthread_tls.o
                0x000000007002b83c                _thread_keys
                0x000000007002b87c                . = ALIGN (0x4)
                0x000000007002b87c                . = ALIGN (0x4)
                0x000000007002b87c                __bss_end = .

.stab
 *(.stab)

.stabstr
 *(.stabstr)

.stab.excl
 *(.stab.excl)

.stab.exclstr
 *(.stab.exclstr)

.stab.index
 *(.stab.index)

.stab.indexstr
 *(.stab.indexstr)

.comment        0x0000000000000000       0x1f
 *(.comment)
 .comment       0x0000000000000000       0x1f build/bsp/applications/application.o
                                         0x20 (size before relaxing)
 .comment       0x0000000000000000       0x20 build/bsp/applications/startup.o
 .comment       0x0000000000000000       0x20 build/bsp/drivers/board.o
 .comment       0x0000000000000000       0x20 build/bsp/drivers/serial.o
 .comment       0x0000000000000000       0x20 build/kernel/src/clock.o
 .comment       0x0000000000000000       0x20 build/kernel/src/components.o
 .comment       0x0000000000000000       0x20 build/kernel/src/device.o
 .comment       0x0000000000000000       0x20 build/kernel/src/idle.o
 .comment       0x0000000000000000       0x20 build/kernel/src/ipc.o
 .comment       0x0000000000000000       0x20 build/kernel/src/irq.o
 .comment       0x0000000000000000       0x20 build/kernel/src/kservice.o
 .comment       0x0000000000000000       0x20 build/kernel/src/mem.o
 .comment       0x0000000000000000       0x20 build/kernel/src/object.o
 .comment       0x0000000000000000       0x20 build/kernel/src/scheduler.o
 .comment       0x0000000000000000       0x20 build/kernel/src/thread.o
 .comment       0x0000000000000000       0x20 build/kernel/src/timer.o
 .comment       0x0000000000000000       0x20 build/kernel/libcpu/arm/realview-a8-vmm/cpu.o
 .comment       0x0000000000000000       0x20 build/kernel/libcpu/arm/realview-a8-vmm/gic.o
 .comment       0x0000000000000000       0x20 build/kernel/libcpu/arm/realview-a8-vmm/interrupt.o
 .comment       0x0000000000000000       0x20 build/kernel/libcpu/arm/realview-a8-vmm/stack.o
 .comment       0x0000000000000000       0x20 build/kernel/libcpu/arm/realview-a8-vmm/trap.o
 .comment       0x0000000000000000       0x20 build/kernel/components/finsh/shell.o
 .comment       0x0000000000000000       0x20 build/kernel/components/finsh/symbol.o
 .comment       0x0000000000000000       0x20 build/kernel/components/finsh/cmd.o
 .comment       0x0000000000000000       0x20 build/kernel/components/finsh/msh_cmd.o
 .comment       0x0000000000000000       0x20 build/kernel/components/finsh/msh.o
 .comment       0x0000000000000000       0x20 build/kernel/components/finsh/finsh_compiler.o
 .comment       0x0000000000000000       0x20 build/kernel/components/finsh/finsh_error.o
 .comment       0x0000000000000000       0x20 build/kernel/components/finsh/finsh_heap.o
 .comment       0x0000000000000000       0x20 build/kernel/components/finsh/finsh_init.o
 .comment       0x0000000000000000       0x20 build/kernel/components/finsh/finsh_node.o
 .comment       0x0000000000000000       0x20 build/kernel/components/finsh/finsh_ops.o
 .comment       0x0000000000000000       0x20 build/kernel/components/finsh/finsh_parser.o
 .comment       0x0000000000000000       0x20 build/kernel/components/finsh/finsh_var.o
 .comment       0x0000000000000000       0x20 build/kernel/components/finsh/finsh_vm.o
 .comment       0x0000000000000000       0x20 build/kernel/components/finsh/finsh_token.o
 .comment       0x0000000000000000       0x20 build/kernel/components/pthreads/clock_time.o
 .comment       0x0000000000000000       0x20 build/kernel/components/pthreads/mqueue.o
 .comment       0x0000000000000000       0x20 build/kernel/components/pthreads/pthread.o
 .comment       0x0000000000000000       0x20 build/kernel/components/pthreads/pthread_attr.o
 .comment       0x0000000000000000       0x20 build/kernel/components/pthreads/pthread_tls.o
 .comment       0x0000000000000000       0x20 build/kernel/components/pthreads/semaphore.o
 .comment       0x0000000000000000       0x20 build/kernel/components/libc/newlib/libc.o
 .comment       0x0000000000000000       0x20 build/kernel/components/libc/newlib/syscalls.o
 .comment       0x0000000000000000       0x20 build/kernel/components/utilities/logtrace/log_trace.o
 .comment       0x0000000000000000       0x20 build/kernel/components/drivers/src/completion.o
 .comment       0x0000000000000000       0x20 build/kernel/components/drivers/src/dataqueue.o
 .comment       0x0000000000000000       0x20 build/kernel/components/drivers/serial/serial.o
 .comment       0x0000000000000000       0x20 /usr/lib/gcc/arm-none-eabi/4.8.2/../../../arm-none-eabi/lib/armv7-ar/thumb/softfp/libc.a(lib_a-atoi.o)
 .comment       0x0000000000000000       0x20 /usr/lib/gcc/arm-none-eabi/4.8.2/../../../arm-none-eabi/lib/armv7-ar/thumb/softfp/libc.a(lib_a-impure.o)
 .comment       0x0000000000000000       0x20 /usr/lib/gcc/arm-none-eabi/4.8.2/../../../arm-none-eabi/lib/armv7-ar/thumb/softfp/libc.a(lib_a-memcpy-stub.o)
 .comment       0x0000000000000000       0x20 /usr/lib/gcc/arm-none-eabi/4.8.2/../../../arm-none-eabi/lib/armv7-ar/thumb/softfp/libc.a(lib_a-memset.o)
 .comment       0x0000000000000000       0x20 /usr/lib/gcc/arm-none-eabi/4.8.2/../../../arm-none-eabi/lib/armv7-ar/thumb/softfp/libc.a(lib_a-putenv.o)
 .comment       0x0000000000000000       0x20 /usr/lib/gcc/arm-none-eabi/4.8.2/../../../arm-none-eabi/lib/armv7-ar/thumb/softfp/libc.a(lib_a-putenv_r.o)
 .comment       0x0000000000000000       0x20 /usr/lib/gcc/arm-none-eabi/4.8.2/../../../arm-none-eabi/lib/armv7-ar/thumb/softfp/libc.a(lib_a-setenv_r.o)
 .comment       0x0000000000000000       0x20 /usr/lib/gcc/arm-none-eabi/4.8.2/../../../arm-none-eabi/lib/armv7-ar/thumb/softfp/libc.a(lib_a-strchr.o)
 .comment       0x0000000000000000       0x20 /usr/lib/gcc/arm-none-eabi/4.8.2/../../../arm-none-eabi/lib/armv7-ar/thumb/softfp/libc.a(lib_a-strdup_r.o)
 .comment       0x0000000000000000       0x20 /usr/lib/gcc/arm-none-eabi/4.8.2/../../../arm-none-eabi/lib/armv7-ar/thumb/softfp/libc.a(lib_a-strlen.o)
 .comment       0x0000000000000000       0x20 /usr/lib/gcc/arm-none-eabi/4.8.2/../../../arm-none-eabi/lib/armv7-ar/thumb/softfp/libc.a(lib_a-strncmp.o)
 .comment       0x0000000000000000       0x20 /usr/lib/gcc/arm-none-eabi/4.8.2/../../../arm-none-eabi/lib/armv7-ar/thumb/softfp/libc.a(lib_a-strncpy.o)
 .comment       0x0000000000000000       0x20 /usr/lib/gcc/arm-none-eabi/4.8.2/../../../arm-none-eabi/lib/armv7-ar/thumb/softfp/libc.a(lib_a-strtol.o)
 .comment       0x0000000000000000       0x20 /usr/lib/gcc/arm-none-eabi/4.8.2/../../../arm-none-eabi/lib/armv7-ar/thumb/softfp/libc.a(lib_a-tzset.o)
 .comment       0x0000000000000000       0x20 /usr/lib/gcc/arm-none-eabi/4.8.2/../../../arm-none-eabi/lib/armv7-ar/thumb/softfp/libc.a(lib_a-tzset_r.o)
 .comment       0x0000000000000000       0x20 /usr/lib/gcc/arm-none-eabi/4.8.2/../../../arm-none-eabi/lib/armv7-ar/thumb/softfp/libc.a(lib_a-tzvars.o)
 .comment       0x0000000000000000       0x20 /usr/lib/gcc/arm-none-eabi/4.8.2/../../../arm-none-eabi/lib/armv7-ar/thumb/softfp/libc.a(lib_a-ctype_.o)
 .comment       0x0000000000000000       0x20 /usr/lib/gcc/arm-none-eabi/4.8.2/../../../arm-none-eabi/lib/armv7-ar/thumb/softfp/libc.a(lib_a-environ.o)
 .comment       0x0000000000000000       0x20 /usr/lib/gcc/arm-none-eabi/4.8.2/../../../arm-none-eabi/lib/armv7-ar/thumb/softfp/libc.a(lib_a-envlock.o)
 .comment       0x0000000000000000       0x20 /usr/lib/gcc/arm-none-eabi/4.8.2/../../../arm-none-eabi/lib/armv7-ar/thumb/softfp/libc.a(lib_a-errno.o)
 .comment       0x0000000000000000       0x20 /usr/lib/gcc/arm-none-eabi/4.8.2/../../../arm-none-eabi/lib/armv7-ar/thumb/softfp/libc.a(lib_a-getenv_r.o)
 .comment       0x0000000000000000       0x20 /usr/lib/gcc/arm-none-eabi/4.8.2/../../../arm-none-eabi/lib/armv7-ar/thumb/softfp/libc.a(lib_a-gettzinfo.o)
 .comment       0x0000000000000000       0x20 /usr/lib/gcc/arm-none-eabi/4.8.2/../../../arm-none-eabi/lib/armv7-ar/thumb/softfp/libc.a(lib_a-malloc.o)
 .comment       0x0000000000000000       0x20 /usr/lib/gcc/arm-none-eabi/4.8.2/../../../arm-none-eabi/lib/armv7-ar/thumb/softfp/libc.a(lib_a-mktm_r.o)
 .comment       0x0000000000000000       0x20 /usr/lib/gcc/arm-none-eabi/4.8.2/../../../arm-none-eabi/lib/armv7-ar/thumb/softfp/libc.a(lib_a-siscanf.o)
 .comment       0x0000000000000000       0x20 /usr/lib/gcc/arm-none-eabi/4.8.2/../../../arm-none-eabi/lib/armv7-ar/thumb/softfp/libc.a(lib_a-stdio.o)
 .comment       0x0000000000000000       0x20 /usr/lib/gcc/arm-none-eabi/4.8.2/../../../arm-none-eabi/lib/armv7-ar/thumb/softfp/libc.a(lib_a-strcpy.o)
 .comment       0x0000000000000000       0x20 /usr/lib/gcc/arm-none-eabi/4.8.2/../../../arm-none-eabi/lib/armv7-ar/thumb/softfp/libc.a(lib_a-strtoul.o)
 .comment       0x0000000000000000       0x20 /usr/lib/gcc/arm-none-eabi/4.8.2/../../../arm-none-eabi/lib/armv7-ar/thumb/softfp/libc.a(lib_a-svfiscanf.o)
 .comment       0x0000000000000000       0x20 /usr/lib/gcc/arm-none-eabi/4.8.2/../../../arm-none-eabi/lib/armv7-ar/thumb/softfp/libc.a(lib_a-tzlock.o)
 .comment       0x0000000000000000       0x20 /usr/lib/gcc/arm-none-eabi/4.8.2/../../../arm-none-eabi/lib/armv7-ar/thumb/softfp/libc.a(lib_a-ungetc.o)
 .comment       0x0000000000000000       0x20 /usr/lib/gcc/arm-none-eabi/4.8.2/../../../arm-none-eabi/lib/armv7-ar/thumb/softfp/libc.a(lib_a-iswspace.o)
 .comment       0x0000000000000000       0x20 /usr/lib/gcc/arm-none-eabi/4.8.2/../../../arm-none-eabi/lib/armv7-ar/thumb/softfp/libc.a(lib_a-locale.o)
 .comment       0x0000000000000000       0x20 /usr/lib/gcc/arm-none-eabi/4.8.2/../../../arm-none-eabi/lib/armv7-ar/thumb/softfp/libc.a(lib_a-mbrtowc.o)
 .comment       0x0000000000000000       0x20 /usr/lib/gcc/arm-none-eabi/4.8.2/../../../arm-none-eabi/lib/armv7-ar/thumb/softfp/libc.a(lib_a-mbtowc_r.o)
 .comment       0x0000000000000000       0x20 /usr/lib/gcc/arm-none-eabi/4.8.2/../../../arm-none-eabi/lib/armv7-ar/thumb/softfp/libc.a(lib_a-sccl.o)
 .comment       0x0000000000000000       0x20 /usr/lib/gcc/arm-none-eabi/4.8.2/../../../arm-none-eabi/lib/armv7-ar/thumb/softfp/libc.a(lib_a-strtoll_r.o)
 .comment       0x0000000000000000       0x20 /usr/lib/gcc/arm-none-eabi/4.8.2/../../../arm-none-eabi/lib/armv7-ar/thumb/softfp/libc.a(lib_a-strtoull_r.o)
 .comment       0x0000000000000000       0x20 /usr/lib/gcc/arm-none-eabi/4.8.2/armv7-ar/thumb/softfp/libgcc.a(bpabi.o)
 .comment       0x0000000000000000       0x20 /usr/lib/gcc/arm-none-eabi/4.8.2/armv7-ar/thumb/softfp/libgcc.a(_divdi3.o)
 .comment       0x0000000000000000       0x20 /usr/lib/gcc/arm-none-eabi/4.8.2/armv7-ar/thumb/softfp/libgcc.a(_udivdi3.o)
                0x0000000000000020                _end = .
OUTPUT(rtthread-realview.elf elf32-littlearm)

.ARM.attributes
                0x0000000000000000       0x2d
 .ARM.attributes
                0x0000000000000000       0x2f build/bsp/applications/application.o
 .ARM.attributes
                0x000000000000002f       0x2f build/bsp/applications/startup.o
 .ARM.attributes
                0x000000000000005e       0x2f build/bsp/drivers/board.o
 .ARM.attributes
                0x000000000000008d       0x2f build/bsp/drivers/serial.o
 .ARM.attributes
                0x00000000000000bc       0x2f build/kernel/src/clock.o
 .ARM.attributes
                0x00000000000000eb       0x2f build/kernel/src/components.o
 .ARM.attributes
                0x000000000000011a       0x2f build/kernel/src/device.o
 .ARM.attributes
                0x0000000000000149       0x2f build/kernel/src/idle.o
 .ARM.attributes
                0x0000000000000178       0x2f build/kernel/src/ipc.o
 .ARM.attributes
                0x00000000000001a7       0x2f build/kernel/src/irq.o
 .ARM.attributes
                0x00000000000001d6       0x2f build/kernel/src/kservice.o
 .ARM.attributes
                0x0000000000000205       0x2f build/kernel/src/mem.o
 .ARM.attributes
                0x0000000000000234       0x2f build/kernel/src/object.o
 .ARM.attributes
                0x0000000000000263       0x2f build/kernel/src/scheduler.o
 .ARM.attributes
                0x0000000000000292       0x2f build/kernel/src/thread.o
 .ARM.attributes
                0x00000000000002c1       0x2f build/kernel/src/timer.o
 .ARM.attributes
                0x00000000000002f0       0x2f build/kernel/libcpu/arm/realview-a8-vmm/cpu.o
 .ARM.attributes
                0x000000000000031f       0x2f build/kernel/libcpu/arm/realview-a8-vmm/gic.o
 .ARM.attributes
                0x000000000000034e       0x2f build/kernel/libcpu/arm/realview-a8-vmm/interrupt.o
 .ARM.attributes
                0x000000000000037d       0x2f build/kernel/libcpu/arm/realview-a8-vmm/stack.o
 .ARM.attributes
                0x00000000000003ac       0x2f build/kernel/libcpu/arm/realview-a8-vmm/trap.o
 .ARM.attributes
                0x00000000000003db       0x1f build/kernel/libcpu/arm/realview-a8-vmm/context_gcc.o
 .ARM.attributes
                0x00000000000003fa       0x1f build/kernel/libcpu/arm/realview-a8-vmm/cp15_gcc.o
 .ARM.attributes
                0x0000000000000419       0x1f build/kernel/libcpu/arm/realview-a8-vmm/start_gcc.o
 .ARM.attributes
                0x0000000000000438       0x1f build/kernel/libcpu/arm/realview-a8-vmm/vector_gcc.o
 .ARM.attributes
                0x0000000000000457       0x2f build/kernel/components/finsh/shell.o
 .ARM.attributes
                0x0000000000000486       0x2f build/kernel/components/finsh/symbol.o
 .ARM.attributes
                0x00000000000004b5       0x2f build/kernel/components/finsh/cmd.o
 .ARM.attributes
                0x00000000000004e4       0x2f build/kernel/components/finsh/msh_cmd.o
 .ARM.attributes
                0x0000000000000513       0x2f build/kernel/components/finsh/msh.o
 .ARM.attributes
                0x0000000000000542       0x2f build/kernel/components/finsh/finsh_compiler.o
 .ARM.attributes
                0x0000000000000571       0x2f build/kernel/components/finsh/finsh_error.o
 .ARM.attributes
                0x00000000000005a0       0x2f build/kernel/components/finsh/finsh_heap.o
 .ARM.attributes
                0x00000000000005cf       0x2f build/kernel/components/finsh/finsh_init.o
 .ARM.attributes
                0x00000000000005fe       0x2f build/kernel/components/finsh/finsh_node.o
 .ARM.attributes
                0x000000000000062d       0x2f build/kernel/components/finsh/finsh_ops.o
 .ARM.attributes
                0x000000000000065c       0x2f build/kernel/components/finsh/finsh_parser.o
 .ARM.attributes
                0x000000000000068b       0x2f build/kernel/components/finsh/finsh_var.o
 .ARM.attributes
                0x00000000000006ba       0x2f build/kernel/components/finsh/finsh_vm.o
 .ARM.attributes
                0x00000000000006e9       0x2f build/kernel/components/finsh/finsh_token.o
 .ARM.attributes
                0x0000000000000718       0x2f build/kernel/components/pthreads/clock_time.o
 .ARM.attributes
                0x0000000000000747       0x2f build/kernel/components/pthreads/mqueue.o
 .ARM.attributes
                0x0000000000000776       0x2f build/kernel/components/pthreads/pthread.o
 .ARM.attributes
                0x00000000000007a5       0x2f build/kernel/components/pthreads/pthread_attr.o
 .ARM.attributes
                0x00000000000007d4       0x2f build/kernel/components/pthreads/pthread_tls.o
 .ARM.attributes
                0x0000000000000803       0x2f build/kernel/components/pthreads/semaphore.o
 .ARM.attributes
                0x0000000000000832       0x2f build/kernel/components/libc/newlib/libc.o
 .ARM.attributes
                0x0000000000000861       0x2f build/kernel/components/libc/newlib/syscalls.o
 .ARM.attributes
                0x0000000000000890       0x2f build/kernel/components/utilities/logtrace/log_trace.o
 .ARM.attributes
                0x00000000000008bf       0x2f build/kernel/components/drivers/src/completion.o
 .ARM.attributes
                0x00000000000008ee       0x2f build/kernel/components/drivers/src/dataqueue.o
 .ARM.attributes
                0x000000000000091d       0x2f build/kernel/components/drivers/serial/serial.o
 .ARM.attributes
                0x000000000000094c       0x2d /usr/lib/gcc/arm-none-eabi/4.8.2/../../../arm-none-eabi/lib/armv7-ar/thumb/softfp/libc.a(lib_a-atoi.o)
 .ARM.attributes
                0x0000000000000979       0x2d /usr/lib/gcc/arm-none-eabi/4.8.2/../../../arm-none-eabi/lib/armv7-ar/thumb/softfp/libc.a(lib_a-impure.o)
 .ARM.attributes
                0x00000000000009a6       0x2d /usr/lib/gcc/arm-none-eabi/4.8.2/../../../arm-none-eabi/lib/armv7-ar/thumb/softfp/libc.a(lib_a-memcpy-stub.o)
 .ARM.attributes
                0x00000000000009d3       0x2d /usr/lib/gcc/arm-none-eabi/4.8.2/../../../arm-none-eabi/lib/armv7-ar/thumb/softfp/libc.a(lib_a-memset.o)
 .ARM.attributes
                0x0000000000000a00       0x2d /usr/lib/gcc/arm-none-eabi/4.8.2/../../../arm-none-eabi/lib/armv7-ar/thumb/softfp/libc.a(lib_a-putenv.o)
 .ARM.attributes
                0x0000000000000a2d       0x2d /usr/lib/gcc/arm-none-eabi/4.8.2/../../../arm-none-eabi/lib/armv7-ar/thumb/softfp/libc.a(lib_a-putenv_r.o)
 .ARM.attributes
                0x0000000000000a5a       0x2d /usr/lib/gcc/arm-none-eabi/4.8.2/../../../arm-none-eabi/lib/armv7-ar/thumb/softfp/libc.a(lib_a-setenv_r.o)
 .ARM.attributes
                0x0000000000000a87       0x2d /usr/lib/gcc/arm-none-eabi/4.8.2/../../../arm-none-eabi/lib/armv7-ar/thumb/softfp/libc.a(lib_a-strchr.o)
 .ARM.attributes
                0x0000000000000ab4       0x19 /usr/lib/gcc/arm-none-eabi/4.8.2/../../../arm-none-eabi/lib/armv7-ar/thumb/softfp/libc.a(lib_a-strcmp.o)
 .ARM.attributes
                0x0000000000000acd       0x2d /usr/lib/gcc/arm-none-eabi/4.8.2/../../../arm-none-eabi/lib/armv7-ar/thumb/softfp/libc.a(lib_a-strdup_r.o)
 .ARM.attributes
                0x0000000000000afa       0x2d /usr/lib/gcc/arm-none-eabi/4.8.2/../../../arm-none-eabi/lib/armv7-ar/thumb/softfp/libc.a(lib_a-strlen.o)
 .ARM.attributes
                0x0000000000000b27       0x2d /usr/lib/gcc/arm-none-eabi/4.8.2/../../../arm-none-eabi/lib/armv7-ar/thumb/softfp/libc.a(lib_a-strncmp.o)
 .ARM.attributes
                0x0000000000000b54       0x2d /usr/lib/gcc/arm-none-eabi/4.8.2/../../../arm-none-eabi/lib/armv7-ar/thumb/softfp/libc.a(lib_a-strncpy.o)
 .ARM.attributes
                0x0000000000000b81       0x2d /usr/lib/gcc/arm-none-eabi/4.8.2/../../../arm-none-eabi/lib/armv7-ar/thumb/softfp/libc.a(lib_a-strtol.o)
 .ARM.attributes
                0x0000000000000bae       0x2d /usr/lib/gcc/arm-none-eabi/4.8.2/../../../arm-none-eabi/lib/armv7-ar/thumb/softfp/libc.a(lib_a-tzset.o)
 .ARM.attributes
                0x0000000000000bdb       0x2d /usr/lib/gcc/arm-none-eabi/4.8.2/../../../arm-none-eabi/lib/armv7-ar/thumb/softfp/libc.a(lib_a-tzset_r.o)
 .ARM.attributes
                0x0000000000000c08       0x2d /usr/lib/gcc/arm-none-eabi/4.8.2/../../../arm-none-eabi/lib/armv7-ar/thumb/softfp/libc.a(lib_a-tzvars.o)
 .ARM.attributes